################################################################################
#
# This file has been generated by SpyGlass:
#     Report Created by: ICer
#     Report Created on: Sat Sep 12 04:43:11 2026
#     Working Directory: /mnt/hgfs/Shared_folder/src/spyglass
#     Report Location  : ./cdc_prj/top/cdc/cdc_verify_struct/spyglass_reports/SpyGlass/elab_summary.rpt
#     SpyGlass Version : SpyGlass_vL-2016.06
#     Policy Name      : SpyGlass(SpyGlass_vL-2016.06)
#     Comment          : This report contains RTL and Elaborated names along with parameter values
#
################################################################################

================================================================================
Elaborated Name: 'cxs_if'
    (RTL Design Unit name: 'cxs_if', ../cxs_if/cxs_if.sv:1)
     Parameters (Total: 5)
         CXS_DATA_WIDTH  = 256 (default: 256)
         CXS_CNTL_WIDTH  = 14 (default: 14)
         FLIT_WIDTH      = 270 (default: (CXS_DATA_WIDTH + CXS_CNTL_WIDTH))
         FLIT_FIFO_DEPTH = 16 (default: 8)
         WORD_WIDTH      = 32 (default: 32)
     Instances (Total: 1): top.u_cxs_if 

================================================================================

Elaborated Name: 'rx_interface'
    (RTL Design Unit name: 'rx_interface', ../cxs_if/rx_interface.sv:2)
     Parameters (Total: 3)
         CXS_DATA_WIDTH = 256 (default: 256)
         CXS_CNTL_WIDTH = 14 (default: 14)
         FLIT_WIDTH     = 270 (default: (CXS_DATA_WIDTH + CXS_CNTL_WIDTH))
     Instances (Total: 1): top.u_cxs_if.u_rx_interface 

================================================================================

Elaborated Name: 'flit_fifo'
    (RTL Design Unit name: 'flit_fifo', ../cxs_if/flit_fifo.sv:2)
     Parameters (Total: 3)
         DEPTH      = 16 (default: 16)
         DATA_WIDTH = 270 (default: 270)
         PTR_WIDTH  = 4 (default: $clog2(DEPTH))
     Instances (Total: 1): top.u_cxs_if.u_flit_fifo 

================================================================================

Elaborated Name: 'credit_manager'
    (RTL Design Unit name: 'credit_manager', ../cxs_if/credit_manager.sv:2)
     Parameters (Total: 2)
         DEPTH     = 16 (default: 16)
         CNT_WIDTH = 5 (default: ($clog2(DEPTH) + 1))
     Instances (Total: 1): top.u_cxs_if.u_credit_manager 

================================================================================

Elaborated Name: 'packet_formatter'
    (RTL Design Unit name: 'packet_formatter', ../cxs_if/packet_formatter.sv:1)
     Parameters (Total: 14)
         CXS_DATA_WIDTH   = 256 (default: 256)
         CXS_CNTL_WIDTH   = 14 (default: 14)
         WORD_WIDTH       = 32 (default: 32)
         CXSMAXPKTPERFLIT = 2 (default: 2)
         FLIT_WIDTH       = 270 (default: (CXS_DATA_WIDTH + CXS_CNTL_WIDTH))
         WORDS_PER_FLIT   = 8 (default: (CXS_DATA_WIDTH / WORD_WIDTH))
         WCNT_WIDTH       = 3 (default: $clog2(WORDS_PER_FLIT))
         START_PTR_WIDTH  = 1 (default: $clog2((CXS_DATA_WIDTH / 128)))
         END_PTR_WIDTH    = 3 (default: $clog2((CXS_DATA_WIDTH / 32)))
         START_BASE       = 0 (default: 0)
         START_PTR_BASE   = 2 (default: (START_BASE + CXSMAXPKTPERFLIT))
         END_BASE         = 4 (default: (START_PTR_BASE + (CXSMAXPKTPERFLIT * START_PTR_WIDTH)))
         END_ERROR_BASE   = 6 (default: (END_BASE + CXSMAXPKTPERFLIT))
         END_PTR_BASE     = 8 (default: (END_ERROR_BASE + CXSMAXPKTPERFLIT))
     Instances (Total: 1): top.u_cxs_if.u_packet_formatter 

================================================================================

Elaborated Name: 'packet_encoder'
    (RTL Design Unit name: 'packet_encoder', ../cxs_if/packet_encoder.sv:2)
     Parameters (Total: 5)
         CXS_DATA_WIDTH    = 256 (default: 256)
         CXS_CNTL_WIDTH    = 14 (default: 14)
         RESP_OPCODE_ERROR = 224 (default: 8'hE0)
         CNTL_START_BIT    = 0 (default: 0)
         CNTL_END_BIT      = 4 (default: 4)
     Instances (Total: 1): top.u_cxs_if.u_packet_encoder 

================================================================================

Elaborated Name: 'tx_interface'
    (RTL Design Unit name: 'tx_interface', ../cxs_if/tx_interface.sv:2)
     Parameters (Total: 5)
         CXS_DATA_WIDTH = 256 (default: 256)
         CXS_CNTL_WIDTH = 14 (default: 14)
         FLIT_WIDTH     = 270 (default: (CXS_DATA_WIDTH + CXS_CNTL_WIDTH))
         MAX_CREDITS    = 16 (default: 16)
         CNT_WIDTH      = 5 (default: ($clog2(MAX_CREDITS) + 1))
     Instances (Total: 1): top.u_cxs_if.u_tx_interface 

================================================================================

Elaborated Name: 'asynchronous_fifo'
    (RTL Design Unit name: 'asynchronous_fifo', ../async_fifo/asynchronous_fifo.sv:1)
     Parameters (Total: 3)
         DEPTH      = 8 (default: 8)
         DATA_WIDTH = 32 (default: 8)
         PTR_WIDTH  = 3 (default: $clog2(DEPTH))
     Instances (Total: 1): top.u_async_fifo 

================================================================================

Elaborated Name: 'WORK_synchronizer_3'
    (RTL Design Unit name: 'synchronizer', ../async_fifo/synchronizer.sv:1)
     Parameters (Total: 1)
         WIDTH = 3 (default: 16)
     Instances (Total: 2): top.u_async_fifo.u_sync_rptr, top.u_async_fifo.u_sync_wptr 

================================================================================

Elaborated Name: 'wptr_handler'
    (RTL Design Unit name: 'wptr_handler', ../async_fifo/wptr_handler.sv:1)
     Parameters (Total: 1)
         PTR_WIDTH = 3 (default: 3)
     Instances (Total: 1): top.u_async_fifo.u_wptr_handler 

================================================================================

Elaborated Name: 'rptr_handler'
    (RTL Design Unit name: 'rptr_handler', ../async_fifo/rptr_handler.sv:1)
     Parameters (Total: 1)
         PTR_WIDTH = 3 (default: 3)
     Instances (Total: 1): top.u_async_fifo.u_rptr_handler 

================================================================================

Elaborated Name: 'fifo_mem'
    (RTL Design Unit name: 'fifo_mem', ../async_fifo/fifo_mem.sv:1)
     Parameters (Total: 3)
         DEPTH      = 8 (default: 8)
         DATA_WIDTH = 32 (default: 8)
         PTR_WIDTH  = 3 (default: 3)
     Instances (Total: 1): top.u_async_fifo.u_fifo_mem 

================================================================================

Elaborated Name: 'WORK_synchronizer_0'
    (RTL Design Unit name: 'synchronizer', ../async_fifo/synchronizer.sv:1)
     Parameters (Total: 1)
         WIDTH = 0 (default: 16)
     Instances (Total: 1): top.u_err_sync 

================================================================================

Elaborated Name: 'system_wrapper'
    (RTL Design Unit name: 'system_wrapper', ../system/system_wrapper.sv:2)
     Parameters (Total: 5)
         ADDR_WIDTH     = 8 (default: 8)
         DATA_WIDTH     = 16 (default: 16)
         DEV_MAX        = 8 (default: 8)
         ENC_DATA_WIDTH = 32 (default: (DATA_WIDTH * 2))
         CDM_WORD_WIDTH = 33 (default: (ENC_DATA_WIDTH + 1))
     Instances (Total: 1): top.u_system_wrapper 

================================================================================

Elaborated Name: 'control_unit'
    (RTL Design Unit name: 'control_unit', ../system/control_unit.sv:2)
     Parameters (Total: 15)
         ADDR_WIDTH             = 8 (default: 16)
         DATA_WIDTH             = 16 (default: 16)
         TLP_WORDS              = 4 (default: 4)
         WCNT_WIDTH             = 2 (default: $clog2(TLP_WORDS))
         CFG_ADDR               = 0 (default: ADDR_WIDTH'('h0000))
         DEV_BASE               = 1 (default: ADDR_WIDTH'('h0001))
         PKT_IDLE               = 0 (default: 2'b00)
         PKT_CONFIG             = 1 (default: 2'b01)
         PKT_LINKUP             = 2 (default: 2'b10)
         PKT_TRANSFER           = 3 (default: 2'b11)
         ENC_EVEN               = 0 (default: 4'h0)
         ENC_ODD                = 1 (default: 4'h1)
         ERR_INVALID_HEADER_PKT = 0 (default: 2'b00)
         ERR_INVALID_ENC        = 1 (default: 2'b01)
         ERR_INVALID_STATE      = 2 (default: 2'b10)
     Instances (Total: 1): top.u_system_wrapper.u_control_unit 

================================================================================

Elaborated Name: 'atu'
    (RTL Design Unit name: 'atu', ../system/atu.sv:1)
     Parameters (Total: 3)
         ADDR_WIDTH  = 8 (default: 16)
         MODE_RANGE  = 0 (default: 1'b0)
         MODE_REGION = 1 (default: 1'b1)
     Instances (Total: 1): top.u_system_wrapper.u_atu 

================================================================================

Elaborated Name: 'encryption_unit'
    (RTL Design Unit name: 'encryption_unit', ../system/encryption_unit.sv:10)
     Parameters (Total: 4)
         DATA_WIDTH = 16 (default: 16)
         MODE_EVEN  = 0 (default: 4'b0000)
         MODE_ODD   = 1 (default: 4'b0001)
         CNT_WIDTH  = 5 (default: $clog2((DATA_WIDTH + 1)))
     Instances (Total: 1): top.u_system_wrapper.u_encryption_unit 

================================================================================

Elaborated Name: 'parity_unit'
    (RTL Design Unit name: 'parity_unit', ../system/parity_unit.sv:2)
     Parameters (Total: 3)
         ENC_DATA_WIDTH = 32 (default: 32)
         PAR_EVEN       = 0 (default: 1'b0)
         PAR_ODD        = 1 (default: 1'b1)
     Instances (Total: 1): top.u_system_wrapper.u_parity_unit 

================================================================================

Elaborated Name: 'cdm'
    (RTL Design Unit name: 'cdm', ../system/cdm.sv:2)
     Parameters (Total: 7)
         ADDR_WIDTH = 8 (default: 16)
         DATA_WIDTH = 16 (default: 16)
         DEV_MAX    = 8 (default: 8)
         WORD_WIDTH = 33 (default: ((DATA_WIDTH * 2) + 1))
         MEM_DEPTH  = 256 (default: (1 << ADDR_WIDTH))
         CFG_ADDR   = 0 (default: ADDR_WIDTH'('h0000))
         DEV_BASE   = 1 (default: ADDR_WIDTH'('h0001))
     Instances (Total: 1): top.u_system_wrapper.u_cdm 

================================================================================

Elaborated Name: 'top'
    (RTL Design Unit name: 'top', ../top.sv:13)
     Parameters (Total: 9)
         CXS_DATA_WIDTH   = 256 (default: 256)
         CXS_CNTL_WIDTH   = 14 (default: 14)
         FLIT_WIDTH       = 270 (default: (CXS_DATA_WIDTH + CXS_CNTL_WIDTH))
         FLIT_FIFO_DEPTH  = 16 (default: 16)
         WORD_WIDTH       = 32 (default: 32)
         ASYNC_FIFO_DEPTH = 8 (default: 8)
         ADDR_WIDTH       = 8 (default: 8)
         DATA_WIDTH       = 16 (default: 16)
         DEV_MAX          = 8 (default: 8)
================================================================================
