
################################################################################
#
# This file has been generated by SpyGlass:
#     Report Name      : moresimple
#     Report Created by: ICer
#     Report Created on:  Sat Sep 12 04:43:10 2026
#     Working Directory: /mnt/hgfs/Shared_folder/src/spyglass
#     SpyGlass Version : SpyGlass_vL-2016.06
#     Policy Name      : SpyGlass(SpyGlass_vL-2016.06)
#                        clock-reset(SpyGlass_vL-2016.06)
#
#     Total Number of Generated Messages :         45
#     Number of Waived Messages          :         15
#     Number of Reported Messages        :         30
#     Number of Overlimit Messages       :          0
#
#
################################################################################

+++++++++++++++++++++++++++++++++++++++++++++++++++++++++++++++++++++++
MORESIMPLE REPORT:


############### BuiltIn -> RuleGroup=Design Read ###############
+++++++++++++++++++++++++++++++++++++++++++++++++++++++++++++++++++++++++++++++++++++++
ID       Rule                    Alias                   Severity    File                                                                              Line    Wt    Message
======================================================================================
[1]      DetectTopDesignUnits    DetectTopDesignUnits    Info        ../top.sv                                                                         13      2     Module top is a top level design unit
[0]      ElabSummary             ElabSummary             Info        ./cdc_prj/top/cdc/cdc_verify_struct/spyglass_reports/SpyGlass/elab_summary.rpt    0       2     Please refer file './cdc_prj/top/cdc/cdc_verify_struct/spyglass_reports/SpyGlass/elab_summary.rpt' for elab summary report
[1A]     Info_Case_Analysis      showSimVal              Info        ../top.sv                                                                         13      10    Information for set_case_analysis value propagation for design 'top' is displayed
+++++++++++++++++++++++++++++++++++++++++++++++++++++++++++++++++++++++++++++++++++++++


############### Non-BuiltIn -> Goal=cdc/cdc_verify_struct ###############
+++++++++++++++++++++++++++++++++++++++++++++++++++++++++++++++++++++++++++++++++++++++
ID       Rule                    Alias          Severity    File                                                                                       Line    Wt    Message
======================================================================================
[44]     Ac_conv02               Convergence    Warning     ../async_fifo/rptr_handler.sv                                                              19      2     4 synchronizers (top.u_async_fifo.u_sync_wptr.d_in_d0[3:0]) converge on combinational gate 'top.u_async_fifo.u_rptr_handler.rempty'. Gray encoding check: 'DISABLED'
[46]     Ac_conv02               Convergence    Warning     ../async_fifo/wptr_handler.sv                                                              38      2     4 synchronizers (top.u_async_fifo.u_sync_rptr.d_in_d0[3:0]) converge on combinational gate 'top.u_async_fifo.u_wptr_handler.wfull'. Gray encoding check: 'DISABLED'
[29]     Ac_crossing01                          Info        ../top.sv                                                                                  13      10    CrossingMatrix spreadsheet generated for design 'top'
[5]      Ac_sync02                              Info        ../async_fifo/synchronizer.sv                                                              18      2     Synchronized Crossing: destination flop top.u_async_fifo.u_sync_rptr.d_in_d0[3:0], clocked by top.i_top_cxs_clk, source flop top.u_async_fifo.u_rptr_handler.o_rptr_handler_g_rptr[3:0], clocked by top.i_top_sys_clk, by method: Conventional multi-flop for metastability technique [Total Sources: 1 (Number of source domains: 1)]
[6]      Ac_sync02                              Info        ../async_fifo/synchronizer.sv                                                              18      2     Synchronized Crossing: destination flop top.u_err_sync.d_in_d0[0], clocked by top.i_top_cxs_clk, source flop top.err_toggle, clocked by top.i_top_sys_clk, by method: Conventional multi-flop for metastability technique [Total Sources: 1 (Number of source domains: 1)]
[B]      Ac_sync02                              Info        ../async_fifo/synchronizer.sv                                                              18      2     Synchronized Crossing: destination flop top.u_async_fifo.u_sync_wptr.d_in_d0[3:0], clocked by top.i_top_sys_clk, source flop top.u_async_fifo.u_wptr_handler.o_wptr_handler_g_wptr[3:0], clocked by top.i_top_cxs_clk, by method: Conventional multi-flop for metastability technique [Total Sources: 1 (Number of source domains: 1)]
[4]      Ac_sync02                              Info        ../cxs_if/packet_encoder.sv                                                                57      2     Synchronized Crossing: destination flop top.u_cxs_if.u_packet_encoder.o_packet_encoder_flit_tx[1:0], clocked by top.i_top_cxs_clk, source flop top.u_system_wrapper.u_control_unit.err_code[1:0], clocked by top.i_top_sys_clk, by method: Enable Based Synchronizer [Total Sources: 1 (Number of source domains: 1)]
[2C]     Clock_info02                           Info        N.A.                                                                                       0       2     Clock Tree generated
[27]     Clock_info03b                          Info        ../cxs_if/packet_encoder.sv                                                                57      2     Data pin of flop top.u_cxs_if.u_packet_encoder.o_packet_encoder_flit_tx[12:2], clocked by top.i_top_cxs_clk , is tied to constant value 0
[28]     Clock_info03b                          Info        ../cxs_if/packet_encoder.sv                                                                57      2     Data pin of flop top.u_cxs_if.u_packet_encoder.o_packet_encoder_flit_tx[255:16], clocked by top.i_top_cxs_clk , is tied to constant value 0
[25]     Clock_info03b                          Info        ../cxs_if/packet_encoder.sv                                                                58      2     Data pin of flop top.u_cxs_if.u_packet_encoder.o_packet_encoder_flit_cntrl[3:1], clocked by top.i_top_cxs_clk , is tied to constant value 0
[26]     Clock_info03b                          Info        ../cxs_if/packet_encoder.sv                                                                58      2     Data pin of flop top.u_cxs_if.u_packet_encoder.o_packet_encoder_flit_cntrl[13:5], clocked by top.i_top_cxs_clk , is tied to constant value 0
[1D]     Clock_info03b                          Info        ../cxs_if/tx_interface.sv                                                                  55      2     Data pin of flop top.u_cxs_if.u_tx_interface.flit_reg[12:2], clocked by top.i_top_cxs_clk , is tied to constant value 0
[1E]     Clock_info03b                          Info        ../cxs_if/tx_interface.sv                                                                  55      2     Data pin of flop top.u_cxs_if.u_tx_interface.flit_reg[255:16], clocked by top.i_top_cxs_clk , is tied to constant value 0
[1F]     Clock_info03b                          Info        ../cxs_if/tx_interface.sv                                                                  55      2     Data pin of flop top.u_cxs_if.u_tx_interface.flit_reg[259:257], clocked by top.i_top_cxs_clk , is tied to constant value 0
[20]     Clock_info03b                          Info        ../cxs_if/tx_interface.sv                                                                  55      2     Data pin of flop top.u_cxs_if.u_tx_interface.flit_reg[269:261], clocked by top.i_top_cxs_clk , is tied to constant value 0
[23]     Clock_info03b                          Info        ../cxs_if/tx_interface.sv                                                                  64      2     Data pin of flop top.u_cxs_if.u_tx_interface.o_tx_interface_cxs_tx_data[12:2], clocked by top.i_top_cxs_clk , is tied to constant value 0
[24]     Clock_info03b                          Info        ../cxs_if/tx_interface.sv                                                                  64      2     Data pin of flop top.u_cxs_if.u_tx_interface.o_tx_interface_cxs_tx_data[255:16], clocked by top.i_top_cxs_clk , is tied to constant value 0
[21]     Clock_info03b                          Info        ../cxs_if/tx_interface.sv                                                                  65      2     Data pin of flop top.u_cxs_if.u_tx_interface.o_tx_interface_cxs_tx_cntl[3:1], clocked by top.i_top_cxs_clk , is tied to constant value 0
[22]     Clock_info03b                          Info        ../cxs_if/tx_interface.sv                                                                  65      2     Data pin of flop top.u_cxs_if.u_tx_interface.o_tx_interface_cxs_tx_cntl[13:5], clocked by top.i_top_cxs_clk , is tied to constant value 0
[41]     Clock_info15                           Info        N.A.                                                                                       0       2     Port-Clock information generated for PortClockMatrix report
[2]      Propagate_Clocks                       Info        ../top.sv                                                                                  25      2     For top, clock(s) 'top.i_top_cxs_clk' of domain 'CXS_DOMAIN' propagated
[3]      Propagate_Clocks                       Info        ../top.sv                                                                                  29      2     For top, clock(s) 'top.i_top_sys_clk' of domain 'SYS_DOMAIN' propagated
[2A]     Propagate_Resets                       Info        ../top.sv                                                                                  26      2     For top, reset 'top.i_top_cxs_rst_n' propagated
[2B]     Propagate_Resets                       Info        ../top.sv                                                                                  30      2     For top, reset 'top.i_top_sys_rst_n' propagated
[2D]     Reset_info02                           Info        N.A.                                                                                       0       2     Reset Tree generated
[1C]     Setup_quasi_static01                   Info        ./cdc_prj/top/cdc/cdc_verify_struct/spyglass_reports/clock-reset/auto_quasi_static.sgdc    25      2     For design 'top', '1' quasi_static constraint(s) inferred
+++++++++++++++++++++++++++++++++++++++++++++++++++++++++++++++++++++++++++++++++++++++
