
################################################################################
#
# This file has been generated by SpyGlass:
#     Report Name      : no_msg_reporting_rules
#     Report Created by: ICer
#     Report Created on:  Sat Sep 12 04:43:10 2026
#     Working Directory: /mnt/hgfs/Shared_folder/src/spyglass
#     SpyGlass Version : SpyGlass_vL-2016.06
#     Policy Name      : SpyGlass(SpyGlass_vL-2016.06)
#                        clock-reset(SpyGlass_vL-2016.06)
#
#     Total Number of Generated Messages :         45
#     Number of Waived Messages          :         15
#     Number of Reported Messages        :         30
#     Number of Overlimit Messages       :          0
#
#
################################################################################

NO VIOLATION RULE REPORT :
++++++++++++++++++++++++++++++++++++++++++++++++++++++++++++++++++++++++++++++++

Following rules did not produce any violation or waived off during spyglass run

++++++++++++++++++++++++++++++++++++++++++++++++++++++++++++++++++++++++++++++++


================================================================================
	INDEX                                   RULE-NAME
================================================================================
	1                                  Ac_abstract_validation01
	2                                  Ac_clockperiod01
	3                                  Ac_clockperiod02
	4                                  Ac_clockperiod03
	5                                  Ac_coherency06
	6                                  Ac_conv01
	7                                  Ac_conv03
	8                                  Ac_glitch03
	9                                  Ac_resetvalue01
	10                                 Ac_sync01
	11                                 Ac_unsync01
	12                                 Ac_unsync02
	13                                 Ar_asyncdeassert01
	14                                 Ar_converge01
	15                                 Ar_sync01
	16                                 Ar_syncdeassert01
	17                                 Ar_syncrst_setupcheck01
	18                                 Ar_syncrstactive01
	19                                 Ar_syncrstcombo01
	20                                 Ar_syncrstload01
	21                                 Ar_syncrstload02
	22                                 Ar_syncrstpragma01
	23                                 Ar_syncrstrtl01
	24                                 Ar_unsync01
	25                                 Clock_check10
	26                                 Clock_converge01
	27                                 Clock_info03a
	28                                 Clock_info03c
	29                                 Clock_info05
	30                                 Clock_info05b
	31                                 Clock_sync05
	32                                 Clock_sync06
	33                                 FalsePathSetup
	34                                 Reset_check03
	35                                 Reset_check10
	36                                 Reset_check11
	37                                 Reset_check12
	38                                 Reset_info09a
	39                                 Reset_sync02
	40                                 Reset_sync04
	41                                 SGDC_abstract_mapping01
	42                                 Setup_port01
================================================================================
