
################################################################################
#
# This file has been generated by SpyGlass:
#     Report Name      : RSTree
#     Report Created by: ICer
#     Report Created on:  Sat Sep 12 04:43:10 2026
#     Working Directory: /mnt/hgfs/Shared_folder/src/spyglass
#     SpyGlass Version : SpyGlass_vL-2016.06
#     Policy Name      : clock-reset(SpyGlass_vL-2016.06)
#     Comment          : Report Generated By Rule Reset_info02
#
################################################################################

################################################################################
# 
# Purpose: 
#     This report shows the reset trees for resets. It is generated if you have
#     enabled rule Reset_info02 and defined reset constraints or enabled parameter
#     use_inferred_resets.
#     This report is sensitive to any case analysis settings that have been set.
# 
# Format: 
#     The trees are shown in a tree-like format.(The nodes are indented according to
#     their position in hierarchy,"`--" is  used to indicate whether a net/cell is
#     the last child at a particular level,"|--" is used for rest of the nodes. The 
#     level is also printed in braces before every net/cell).
#     The (+)/(-) suffix to a leaf-level cell output net name indicates the reset
#     polarity reaching the flip-flop.
#     When (x) suffix is present, it indicates that reset polarity could not be
#     uniquely determined.
# 
#     A leaf on the tree can be one of:
#     a. A register inferred from the RTL - the hierarchical name of the registered
#                net is shown along with the polarity of the reset at that point
#     b. A black box - the hierarchical name of the black box instance is annotated
#                with its master name, the name of the pin connected to the reset, 
#                the polarity of the reset and (Black-Box) to indicate that
#                this is a black box
#     c. A latch inferred from the RTL - the hierarchical name of the latched net is
#                shown along with the polarity of the reset and (Latch) to indicate 
#                that this is latched net. For a latch to be a leaf, the data pin
#                of the latch should be connected to the reset.
#     d. A sequential leaf cell - the hierarchical name of the sequential instance, 
#                which is neither known to be a flop nor a latch, is annotated with 
#                its master name, the name of the pin connected to the reset, the polarity
#                of the reset and (Sequential Logic Cell) to indicate that this is a 
#                sequential leaf cell
# 
#     The intermediate nodes of a tree are the hierarchical name of the net found while 
#     walking along a path from the root of the tree to a leaf
#     If the same intermediate node is observed more than once on different paths
#     from root to leaves, then the sub-tree beyond this node is shown only after its
#     first occurence in the tree. For the other occurences, a reference to the sub-tree
#     is shown. This rule is recursively followed for the sub-trees also.
################################################################################

============================================
ROOT RESET: top.i_top_cxs_rst_n
|-- (1)top.err_toggle_sync_d0 (-)
|-- (1)top.err_toggle_sync (-)
|-- (1)top.u_err_sync.d_in_d0[0] (-)
|-- (1)top.u_async_fifo.b_wptr[0] (-)
|-- (1)top.u_async_fifo.b_wptr[1] (-)
|-- (1)top.u_async_fifo.b_wptr[2] (-)
|-- (1)top.u_async_fifo.b_wptr[3] (-)
|-- (1)top.u_async_fifo.g_wptr[0] (-)
|-- (1)top.u_async_fifo.g_wptr[1] (-)
|-- (1)top.u_async_fifo.g_wptr[2] (-)
|-- (1)top.u_async_fifo.g_wptr[3] (-)
|-- (1)top.async_fifo_full (-)
|-- (1)top.u_async_fifo.g_rptr_sync[0] (-)
|-- (1)top.u_async_fifo.g_rptr_sync[1] (-)
|-- (1)top.u_async_fifo.g_rptr_sync[2] (-)
|-- (1)top.u_async_fifo.g_rptr_sync[3] (-)
|-- (1)top.u_async_fifo.u_sync_rptr.d_in_d0[0] (-)
|-- (1)top.u_async_fifo.u_sync_rptr.d_in_d0[1] (-)
|-- (1)top.u_async_fifo.u_sync_rptr.d_in_d0[2] (-)
|-- (1)top.u_async_fifo.u_sync_rptr.d_in_d0[3] (-)
|-- (1)top.u_cxs_if.u_tx_interface.flit_pending (-)
|-- (1)top.o_top_cxs_tx_valid (-)
|-- (1)top.o_top_cxs_tx_data[0] (-)
|-- (1)top.o_top_cxs_tx_data[1] (-)
|-- (1)top.o_top_cxs_tx_data[13] (-)
|-- (1)top.o_top_cxs_tx_data[14] (-)
|-- (1)top.o_top_cxs_tx_data[15] (-)
|-- (1)top.o_top_cxs_tx_cntl[0] (-)
|-- (1)top.o_top_cxs_tx_cntl[4] (-)
|-- (1)top.u_cxs_if.u_tx_interface.credit_counter[0] (-)
|-- (1)top.u_cxs_if.u_tx_interface.credit_counter[1] (-)
|-- (1)top.u_cxs_if.u_tx_interface.credit_counter[2] (-)
|-- (1)top.u_cxs_if.u_tx_interface.credit_counter[3] (-)
|-- (1)top.u_cxs_if.u_tx_interface.credit_counter[4] (-)
|-- (1)top.u_cxs_if.u_tx_interface.flit_reg[0] (-)
|-- (1)top.u_cxs_if.u_tx_interface.flit_reg[1] (-)
|-- (1)top.u_cxs_if.u_tx_interface.flit_reg[13] (-)
|-- (1)top.u_cxs_if.u_tx_interface.flit_reg[14] (-)
|-- (1)top.u_cxs_if.u_tx_interface.flit_reg[15] (-)
|-- (1)top.u_cxs_if.u_tx_interface.flit_reg[256] (-)
|-- (1)top.u_cxs_if.u_tx_interface.flit_reg[260] (-)
|-- (1)top.u_cxs_if.u_packet_encoder.error_valid_sync_d0 (-)
|-- (1)top.u_cxs_if.flit_tx[0] (-)
|-- (1)top.u_cxs_if.flit_tx[1] (-)
|-- (1)top.u_cxs_if.flit_tx[13] (-)
|-- (1)top.u_cxs_if.flit_tx[14] (-)
|-- (1)top.u_cxs_if.flit_tx[15] (-)
|-- (1)top.u_cxs_if.flit_cntrl[0] (-)
|-- (1)top.u_cxs_if.flit_cntrl[4] (-)
|-- (1)top.u_cxs_if.flit_valid (-)
|-- (1)top.u_cxs_if.u_packet_formatter.current_flit_data[0] (-)
|-- (1)top.u_cxs_if.u_packet_formatter.current_flit_data[1] (-)
|-- (1)top.u_cxs_if.u_packet_formatter.current_flit_data[2] (-)
|-- (1)top.u_cxs_if.u_packet_formatter.current_flit_data[3] (-)
|-- (1)top.u_cxs_if.u_packet_formatter.current_flit_data[4] (-)
|-- (1)top.u_cxs_if.u_packet_formatter.current_flit_data[5] (-)
|-- (1)top.u_cxs_if.u_packet_formatter.current_flit_data[6] (-)
|-- (1)top.u_cxs_if.u_packet_formatter.current_flit_data[7] (-)
|-- (1)top.u_cxs_if.u_packet_formatter.current_flit_data[8] (-)
|-- (1)top.u_cxs_if.u_packet_formatter.current_flit_data[9] (-)
|-- (1)top.u_cxs_if.u_packet_formatter.current_flit_data[10] (-)
|-- (1)top.u_cxs_if.u_packet_formatter.current_flit_data[11] (-)
|-- (1)top.u_cxs_if.u_packet_formatter.current_flit_data[12] (-)
|-- (1)top.u_cxs_if.u_packet_formatter.current_flit_data[13] (-)
|-- (1)top.u_cxs_if.u_packet_formatter.current_flit_data[14] (-)
|-- (1)top.u_cxs_if.u_packet_formatter.current_flit_data[15] (-)
|-- (1)top.u_cxs_if.u_packet_formatter.current_flit_data[16] (-)
|-- (1)top.u_cxs_if.u_packet_formatter.current_flit_data[17] (-)
|-- (1)top.u_cxs_if.u_packet_formatter.current_flit_data[18] (-)
|-- (1)top.u_cxs_if.u_packet_formatter.current_flit_data[19] (-)
|-- (1)top.u_cxs_if.u_packet_formatter.current_flit_data[20] (-)
|-- (1)top.u_cxs_if.u_packet_formatter.current_flit_data[21] (-)
|-- (1)top.u_cxs_if.u_packet_formatter.current_flit_data[22] (-)
|-- (1)top.u_cxs_if.u_packet_formatter.current_flit_data[23] (-)
|-- (1)top.u_cxs_if.u_packet_formatter.current_flit_data[24] (-)
|-- (1)top.u_cxs_if.u_packet_formatter.current_flit_data[25] (-)
|-- (1)top.u_cxs_if.u_packet_formatter.current_flit_data[26] (-)
|-- (1)top.u_cxs_if.u_packet_formatter.current_flit_data[27] (-)
|-- (1)top.u_cxs_if.u_packet_formatter.current_flit_data[28] (-)
|-- (1)top.u_cxs_if.u_packet_formatter.current_flit_data[29] (-)
|-- (1)top.u_cxs_if.u_packet_formatter.current_flit_data[30] (-)
|-- (1)top.u_cxs_if.u_packet_formatter.current_flit_data[31] (-)
|-- (1)top.u_cxs_if.u_packet_formatter.current_flit_data[32] (-)
|-- (1)top.u_cxs_if.u_packet_formatter.current_flit_data[33] (-)
|-- (1)top.u_cxs_if.u_packet_formatter.current_flit_data[34] (-)
|-- (1)top.u_cxs_if.u_packet_formatter.current_flit_data[35] (-)
|-- (1)top.u_cxs_if.u_packet_formatter.current_flit_data[36] (-)
|-- (1)top.u_cxs_if.u_packet_formatter.current_flit_data[37] (-)
|-- (1)top.u_cxs_if.u_packet_formatter.current_flit_data[38] (-)
|-- (1)top.u_cxs_if.u_packet_formatter.current_flit_data[39] (-)
|-- (1)top.u_cxs_if.u_packet_formatter.current_flit_data[40] (-)
|-- (1)top.u_cxs_if.u_packet_formatter.current_flit_data[41] (-)
|-- (1)top.u_cxs_if.u_packet_formatter.current_flit_data[42] (-)
|-- (1)top.u_cxs_if.u_packet_formatter.current_flit_data[43] (-)
|-- (1)top.u_cxs_if.u_packet_formatter.current_flit_data[44] (-)
|-- (1)top.u_cxs_if.u_packet_formatter.current_flit_data[45] (-)
|-- (1)top.u_cxs_if.u_packet_formatter.current_flit_data[46] (-)
|-- (1)top.u_cxs_if.u_packet_formatter.current_flit_data[47] (-)
|-- (1)top.u_cxs_if.u_packet_formatter.current_flit_data[48] (-)
|-- (1)top.u_cxs_if.u_packet_formatter.current_flit_data[49] (-)
|-- (1)top.u_cxs_if.u_packet_formatter.current_flit_data[50] (-)
|-- (1)top.u_cxs_if.u_packet_formatter.current_flit_data[51] (-)
|-- (1)top.u_cxs_if.u_packet_formatter.current_flit_data[52] (-)
|-- (1)top.u_cxs_if.u_packet_formatter.current_flit_data[53] (-)
|-- (1)top.u_cxs_if.u_packet_formatter.current_flit_data[54] (-)
|-- (1)top.u_cxs_if.u_packet_formatter.current_flit_data[55] (-)
|-- (1)top.u_cxs_if.u_packet_formatter.current_flit_data[56] (-)
|-- (1)top.u_cxs_if.u_packet_formatter.current_flit_data[57] (-)
|-- (1)top.u_cxs_if.u_packet_formatter.current_flit_data[58] (-)
|-- (1)top.u_cxs_if.u_packet_formatter.current_flit_data[59] (-)
|-- (1)top.u_cxs_if.u_packet_formatter.current_flit_data[60] (-)
|-- (1)top.u_cxs_if.u_packet_formatter.current_flit_data[61] (-)
|-- (1)top.u_cxs_if.u_packet_formatter.current_flit_data[62] (-)
|-- (1)top.u_cxs_if.u_packet_formatter.current_flit_data[63] (-)
|-- (1)top.u_cxs_if.u_packet_formatter.current_flit_data[64] (-)
|-- (1)top.u_cxs_if.u_packet_formatter.current_flit_data[65] (-)
|-- (1)top.u_cxs_if.u_packet_formatter.current_flit_data[66] (-)
|-- (1)top.u_cxs_if.u_packet_formatter.current_flit_data[67] (-)
|-- (1)top.u_cxs_if.u_packet_formatter.current_flit_data[68] (-)
|-- (1)top.u_cxs_if.u_packet_formatter.current_flit_data[69] (-)
|-- (1)top.u_cxs_if.u_packet_formatter.current_flit_data[70] (-)
|-- (1)top.u_cxs_if.u_packet_formatter.current_flit_data[71] (-)
|-- (1)top.u_cxs_if.u_packet_formatter.current_flit_data[72] (-)
|-- (1)top.u_cxs_if.u_packet_formatter.current_flit_data[73] (-)
|-- (1)top.u_cxs_if.u_packet_formatter.current_flit_data[74] (-)
|-- (1)top.u_cxs_if.u_packet_formatter.current_flit_data[75] (-)
|-- (1)top.u_cxs_if.u_packet_formatter.current_flit_data[76] (-)
|-- (1)top.u_cxs_if.u_packet_formatter.current_flit_data[77] (-)
|-- (1)top.u_cxs_if.u_packet_formatter.current_flit_data[78] (-)
|-- (1)top.u_cxs_if.u_packet_formatter.current_flit_data[79] (-)
|-- (1)top.u_cxs_if.u_packet_formatter.current_flit_data[80] (-)
|-- (1)top.u_cxs_if.u_packet_formatter.current_flit_data[81] (-)
|-- (1)top.u_cxs_if.u_packet_formatter.current_flit_data[82] (-)
|-- (1)top.u_cxs_if.u_packet_formatter.current_flit_data[83] (-)
|-- (1)top.u_cxs_if.u_packet_formatter.current_flit_data[84] (-)
|-- (1)top.u_cxs_if.u_packet_formatter.current_flit_data[85] (-)
|-- (1)top.u_cxs_if.u_packet_formatter.current_flit_data[86] (-)
|-- (1)top.u_cxs_if.u_packet_formatter.current_flit_data[87] (-)
|-- (1)top.u_cxs_if.u_packet_formatter.current_flit_data[88] (-)
|-- (1)top.u_cxs_if.u_packet_formatter.current_flit_data[89] (-)
|-- (1)top.u_cxs_if.u_packet_formatter.current_flit_data[90] (-)
|-- (1)top.u_cxs_if.u_packet_formatter.current_flit_data[91] (-)
|-- (1)top.u_cxs_if.u_packet_formatter.current_flit_data[92] (-)
|-- (1)top.u_cxs_if.u_packet_formatter.current_flit_data[93] (-)
|-- (1)top.u_cxs_if.u_packet_formatter.current_flit_data[94] (-)
|-- (1)top.u_cxs_if.u_packet_formatter.current_flit_data[95] (-)
|-- (1)top.u_cxs_if.u_packet_formatter.current_flit_data[96] (-)
|-- (1)top.u_cxs_if.u_packet_formatter.current_flit_data[97] (-)
|-- (1)top.u_cxs_if.u_packet_formatter.current_flit_data[98] (-)
|-- (1)top.u_cxs_if.u_packet_formatter.current_flit_data[99] (-)
|-- (1)top.u_cxs_if.u_packet_formatter.current_flit_data[100] (-)
|-- (1)top.u_cxs_if.u_packet_formatter.current_flit_data[101] (-)
|-- (1)top.u_cxs_if.u_packet_formatter.current_flit_data[102] (-)
|-- (1)top.u_cxs_if.u_packet_formatter.current_flit_data[103] (-)
|-- (1)top.u_cxs_if.u_packet_formatter.current_flit_data[104] (-)
|-- (1)top.u_cxs_if.u_packet_formatter.current_flit_data[105] (-)
|-- (1)top.u_cxs_if.u_packet_formatter.current_flit_data[106] (-)
|-- (1)top.u_cxs_if.u_packet_formatter.current_flit_data[107] (-)
|-- (1)top.u_cxs_if.u_packet_formatter.current_flit_data[108] (-)
|-- (1)top.u_cxs_if.u_packet_formatter.current_flit_data[109] (-)
|-- (1)top.u_cxs_if.u_packet_formatter.current_flit_data[110] (-)
|-- (1)top.u_cxs_if.u_packet_formatter.current_flit_data[111] (-)
|-- (1)top.u_cxs_if.u_packet_formatter.current_flit_data[112] (-)
|-- (1)top.u_cxs_if.u_packet_formatter.current_flit_data[113] (-)
|-- (1)top.u_cxs_if.u_packet_formatter.current_flit_data[114] (-)
|-- (1)top.u_cxs_if.u_packet_formatter.current_flit_data[115] (-)
|-- (1)top.u_cxs_if.u_packet_formatter.current_flit_data[116] (-)
|-- (1)top.u_cxs_if.u_packet_formatter.current_flit_data[117] (-)
|-- (1)top.u_cxs_if.u_packet_formatter.current_flit_data[118] (-)
|-- (1)top.u_cxs_if.u_packet_formatter.current_flit_data[119] (-)
|-- (1)top.u_cxs_if.u_packet_formatter.current_flit_data[120] (-)
|-- (1)top.u_cxs_if.u_packet_formatter.current_flit_data[121] (-)
|-- (1)top.u_cxs_if.u_packet_formatter.current_flit_data[122] (-)
|-- (1)top.u_cxs_if.u_packet_formatter.current_flit_data[123] (-)
|-- (1)top.u_cxs_if.u_packet_formatter.current_flit_data[124] (-)
|-- (1)top.u_cxs_if.u_packet_formatter.current_flit_data[125] (-)
|-- (1)top.u_cxs_if.u_packet_formatter.current_flit_data[126] (-)
|-- (1)top.u_cxs_if.u_packet_formatter.current_flit_data[127] (-)
|-- (1)top.u_cxs_if.u_packet_formatter.current_flit_data[128] (-)
|-- (1)top.u_cxs_if.u_packet_formatter.current_flit_data[129] (-)
|-- (1)top.u_cxs_if.u_packet_formatter.current_flit_data[130] (-)
|-- (1)top.u_cxs_if.u_packet_formatter.current_flit_data[131] (-)
|-- (1)top.u_cxs_if.u_packet_formatter.current_flit_data[132] (-)
|-- (1)top.u_cxs_if.u_packet_formatter.current_flit_data[133] (-)
|-- (1)top.u_cxs_if.u_packet_formatter.current_flit_data[134] (-)
|-- (1)top.u_cxs_if.u_packet_formatter.current_flit_data[135] (-)
|-- (1)top.u_cxs_if.u_packet_formatter.current_flit_data[136] (-)
|-- (1)top.u_cxs_if.u_packet_formatter.current_flit_data[137] (-)
|-- (1)top.u_cxs_if.u_packet_formatter.current_flit_data[138] (-)
|-- (1)top.u_cxs_if.u_packet_formatter.current_flit_data[139] (-)
|-- (1)top.u_cxs_if.u_packet_formatter.current_flit_data[140] (-)
|-- (1)top.u_cxs_if.u_packet_formatter.current_flit_data[141] (-)
|-- (1)top.u_cxs_if.u_packet_formatter.current_flit_data[142] (-)
|-- (1)top.u_cxs_if.u_packet_formatter.current_flit_data[143] (-)
|-- (1)top.u_cxs_if.u_packet_formatter.current_flit_data[144] (-)
|-- (1)top.u_cxs_if.u_packet_formatter.current_flit_data[145] (-)
|-- (1)top.u_cxs_if.u_packet_formatter.current_flit_data[146] (-)
|-- (1)top.u_cxs_if.u_packet_formatter.current_flit_data[147] (-)
|-- (1)top.u_cxs_if.u_packet_formatter.current_flit_data[148] (-)
|-- (1)top.u_cxs_if.u_packet_formatter.current_flit_data[149] (-)
|-- (1)top.u_cxs_if.u_packet_formatter.current_flit_data[150] (-)
|-- (1)top.u_cxs_if.u_packet_formatter.current_flit_data[151] (-)
|-- (1)top.u_cxs_if.u_packet_formatter.current_flit_data[152] (-)
|-- (1)top.u_cxs_if.u_packet_formatter.current_flit_data[153] (-)
|-- (1)top.u_cxs_if.u_packet_formatter.current_flit_data[154] (-)
|-- (1)top.u_cxs_if.u_packet_formatter.current_flit_data[155] (-)
|-- (1)top.u_cxs_if.u_packet_formatter.current_flit_data[156] (-)
|-- (1)top.u_cxs_if.u_packet_formatter.current_flit_data[157] (-)
|-- (1)top.u_cxs_if.u_packet_formatter.current_flit_data[158] (-)
|-- (1)top.u_cxs_if.u_packet_formatter.current_flit_data[159] (-)
|-- (1)top.u_cxs_if.u_packet_formatter.current_flit_data[160] (-)
|-- (1)top.u_cxs_if.u_packet_formatter.current_flit_data[161] (-)
|-- (1)top.u_cxs_if.u_packet_formatter.current_flit_data[162] (-)
|-- (1)top.u_cxs_if.u_packet_formatter.current_flit_data[163] (-)
|-- (1)top.u_cxs_if.u_packet_formatter.current_flit_data[164] (-)
|-- (1)top.u_cxs_if.u_packet_formatter.current_flit_data[165] (-)
|-- (1)top.u_cxs_if.u_packet_formatter.current_flit_data[166] (-)
|-- (1)top.u_cxs_if.u_packet_formatter.current_flit_data[167] (-)
|-- (1)top.u_cxs_if.u_packet_formatter.current_flit_data[168] (-)
|-- (1)top.u_cxs_if.u_packet_formatter.current_flit_data[169] (-)
|-- (1)top.u_cxs_if.u_packet_formatter.current_flit_data[170] (-)
|-- (1)top.u_cxs_if.u_packet_formatter.current_flit_data[171] (-)
|-- (1)top.u_cxs_if.u_packet_formatter.current_flit_data[172] (-)
|-- (1)top.u_cxs_if.u_packet_formatter.current_flit_data[173] (-)
|-- (1)top.u_cxs_if.u_packet_formatter.current_flit_data[174] (-)
|-- (1)top.u_cxs_if.u_packet_formatter.current_flit_data[175] (-)
|-- (1)top.u_cxs_if.u_packet_formatter.current_flit_data[176] (-)
|-- (1)top.u_cxs_if.u_packet_formatter.current_flit_data[177] (-)
|-- (1)top.u_cxs_if.u_packet_formatter.current_flit_data[178] (-)
|-- (1)top.u_cxs_if.u_packet_formatter.current_flit_data[179] (-)
|-- (1)top.u_cxs_if.u_packet_formatter.current_flit_data[180] (-)
|-- (1)top.u_cxs_if.u_packet_formatter.current_flit_data[181] (-)
|-- (1)top.u_cxs_if.u_packet_formatter.current_flit_data[182] (-)
|-- (1)top.u_cxs_if.u_packet_formatter.current_flit_data[183] (-)
|-- (1)top.u_cxs_if.u_packet_formatter.current_flit_data[184] (-)
|-- (1)top.u_cxs_if.u_packet_formatter.current_flit_data[185] (-)
|-- (1)top.u_cxs_if.u_packet_formatter.current_flit_data[186] (-)
|-- (1)top.u_cxs_if.u_packet_formatter.current_flit_data[187] (-)
|-- (1)top.u_cxs_if.u_packet_formatter.current_flit_data[188] (-)
|-- (1)top.u_cxs_if.u_packet_formatter.current_flit_data[189] (-)
|-- (1)top.u_cxs_if.u_packet_formatter.current_flit_data[190] (-)
|-- (1)top.u_cxs_if.u_packet_formatter.current_flit_data[191] (-)
|-- (1)top.u_cxs_if.u_packet_formatter.current_flit_data[192] (-)
|-- (1)top.u_cxs_if.u_packet_formatter.current_flit_data[193] (-)
|-- (1)top.u_cxs_if.u_packet_formatter.current_flit_data[194] (-)
|-- (1)top.u_cxs_if.u_packet_formatter.current_flit_data[195] (-)
|-- (1)top.u_cxs_if.u_packet_formatter.current_flit_data[196] (-)
|-- (1)top.u_cxs_if.u_packet_formatter.current_flit_data[197] (-)
|-- (1)top.u_cxs_if.u_packet_formatter.current_flit_data[198] (-)
|-- (1)top.u_cxs_if.u_packet_formatter.current_flit_data[199] (-)
|-- (1)top.u_cxs_if.u_packet_formatter.current_flit_data[200] (-)
|-- (1)top.u_cxs_if.u_packet_formatter.current_flit_data[201] (-)
|-- (1)top.u_cxs_if.u_packet_formatter.current_flit_data[202] (-)
|-- (1)top.u_cxs_if.u_packet_formatter.current_flit_data[203] (-)
|-- (1)top.u_cxs_if.u_packet_formatter.current_flit_data[204] (-)
|-- (1)top.u_cxs_if.u_packet_formatter.current_flit_data[205] (-)
|-- (1)top.u_cxs_if.u_packet_formatter.current_flit_data[206] (-)
|-- (1)top.u_cxs_if.u_packet_formatter.current_flit_data[207] (-)
|-- (1)top.u_cxs_if.u_packet_formatter.current_flit_data[208] (-)
|-- (1)top.u_cxs_if.u_packet_formatter.current_flit_data[209] (-)
|-- (1)top.u_cxs_if.u_packet_formatter.current_flit_data[210] (-)
|-- (1)top.u_cxs_if.u_packet_formatter.current_flit_data[211] (-)
|-- (1)top.u_cxs_if.u_packet_formatter.current_flit_data[212] (-)
|-- (1)top.u_cxs_if.u_packet_formatter.current_flit_data[213] (-)
|-- (1)top.u_cxs_if.u_packet_formatter.current_flit_data[214] (-)
|-- (1)top.u_cxs_if.u_packet_formatter.current_flit_data[215] (-)
|-- (1)top.u_cxs_if.u_packet_formatter.current_flit_data[216] (-)
|-- (1)top.u_cxs_if.u_packet_formatter.current_flit_data[217] (-)
|-- (1)top.u_cxs_if.u_packet_formatter.current_flit_data[218] (-)
|-- (1)top.u_cxs_if.u_packet_formatter.current_flit_data[219] (-)
|-- (1)top.u_cxs_if.u_packet_formatter.current_flit_data[220] (-)
|-- (1)top.u_cxs_if.u_packet_formatter.current_flit_data[221] (-)
|-- (1)top.u_cxs_if.u_packet_formatter.current_flit_data[222] (-)
|-- (1)top.u_cxs_if.u_packet_formatter.current_flit_data[223] (-)
|-- (1)top.u_cxs_if.u_packet_formatter.current_flit_data[224] (-)
|-- (1)top.u_cxs_if.u_packet_formatter.current_flit_data[225] (-)
|-- (1)top.u_cxs_if.u_packet_formatter.current_flit_data[226] (-)
|-- (1)top.u_cxs_if.u_packet_formatter.current_flit_data[227] (-)
|-- (1)top.u_cxs_if.u_packet_formatter.current_flit_data[228] (-)
|-- (1)top.u_cxs_if.u_packet_formatter.current_flit_data[229] (-)
|-- (1)top.u_cxs_if.u_packet_formatter.current_flit_data[230] (-)
|-- (1)top.u_cxs_if.u_packet_formatter.current_flit_data[231] (-)
|-- (1)top.u_cxs_if.u_packet_formatter.current_flit_data[232] (-)
|-- (1)top.u_cxs_if.u_packet_formatter.current_flit_data[233] (-)
|-- (1)top.u_cxs_if.u_packet_formatter.current_flit_data[234] (-)
|-- (1)top.u_cxs_if.u_packet_formatter.current_flit_data[235] (-)
|-- (1)top.u_cxs_if.u_packet_formatter.current_flit_data[236] (-)
|-- (1)top.u_cxs_if.u_packet_formatter.current_flit_data[237] (-)
|-- (1)top.u_cxs_if.u_packet_formatter.current_flit_data[238] (-)
|-- (1)top.u_cxs_if.u_packet_formatter.current_flit_data[239] (-)
|-- (1)top.u_cxs_if.u_packet_formatter.current_flit_data[240] (-)
|-- (1)top.u_cxs_if.u_packet_formatter.current_flit_data[241] (-)
|-- (1)top.u_cxs_if.u_packet_formatter.current_flit_data[242] (-)
|-- (1)top.u_cxs_if.u_packet_formatter.current_flit_data[243] (-)
|-- (1)top.u_cxs_if.u_packet_formatter.current_flit_data[244] (-)
|-- (1)top.u_cxs_if.u_packet_formatter.current_flit_data[245] (-)
|-- (1)top.u_cxs_if.u_packet_formatter.current_flit_data[246] (-)
|-- (1)top.u_cxs_if.u_packet_formatter.current_flit_data[247] (-)
|-- (1)top.u_cxs_if.u_packet_formatter.current_flit_data[248] (-)
|-- (1)top.u_cxs_if.u_packet_formatter.current_flit_data[249] (-)
|-- (1)top.u_cxs_if.u_packet_formatter.current_flit_data[250] (-)
|-- (1)top.u_cxs_if.u_packet_formatter.current_flit_data[251] (-)
|-- (1)top.u_cxs_if.u_packet_formatter.current_flit_data[252] (-)
|-- (1)top.u_cxs_if.u_packet_formatter.current_flit_data[253] (-)
|-- (1)top.u_cxs_if.u_packet_formatter.current_flit_data[254] (-)
|-- (1)top.u_cxs_if.u_packet_formatter.current_flit_data[255] (-)
|-- (1)top.u_cxs_if.u_packet_formatter.cxs_ctrl[0] (-)
|-- (1)top.u_cxs_if.u_packet_formatter.cxs_ctrl[1] (-)
|-- (1)top.u_cxs_if.u_packet_formatter.cxs_ctrl[2] (-)
|-- (1)top.u_cxs_if.u_packet_formatter.cxs_ctrl[3] (-)
|-- (1)top.u_cxs_if.u_packet_formatter.cxs_ctrl[4] (-)
|-- (1)top.u_cxs_if.u_packet_formatter.cxs_ctrl[5] (-)
|-- (1)top.u_cxs_if.u_packet_formatter.cxs_ctrl[6] (-)
|-- (1)top.u_cxs_if.u_packet_formatter.cxs_ctrl[7] (-)
|-- (1)top.u_cxs_if.u_packet_formatter.cxs_ctrl[8] (-)
|-- (1)top.u_cxs_if.u_packet_formatter.cxs_ctrl[9] (-)
|-- (1)top.u_cxs_if.u_packet_formatter.cxs_ctrl[10] (-)
|-- (1)top.u_cxs_if.u_packet_formatter.cxs_ctrl[11] (-)
|-- (1)top.u_cxs_if.u_packet_formatter.cxs_ctrl[12] (-)
|-- (1)top.u_cxs_if.u_packet_formatter.cxs_ctrl[13] (-)
|-- (1)top.u_cxs_if.u_packet_formatter.current_state[0] (-)
|-- (1)top.u_cxs_if.u_packet_formatter.current_state[1] (-)
|-- (1)top.u_cxs_if.u_packet_formatter.word_count[0] (-)
|-- (1)top.u_cxs_if.u_packet_formatter.word_count[1] (-)
|-- (1)top.u_cxs_if.u_packet_formatter.word_count[2] (-)
|-- (1)top.o_top_cxs_rx_crdgnt (-)
|-- (1)top.u_cxs_if.u_credit_manager.credit_counter[0] (-)
|-- (1)top.u_cxs_if.u_credit_manager.credit_counter[1] (-)
|-- (1)top.u_cxs_if.u_credit_manager.credit_counter[2] (-)
|-- (1)top.u_cxs_if.u_credit_manager.credit_counter[3] (-)
|-- (1)top.u_cxs_if.u_credit_manager.credit_counter[4] (-)
|-- (1)top.u_cxs_if.u_flit_fifo.wptr[0] (-)
|-- (1)top.u_cxs_if.u_flit_fifo.wptr[1] (-)
|-- (1)top.u_cxs_if.u_flit_fifo.wptr[2] (-)
|-- (1)top.u_cxs_if.u_flit_fifo.wptr[3] (-)
|-- (1)top.u_cxs_if.u_flit_fifo.wptr[4] (-)
|-- (1)top.u_cxs_if.u_flit_fifo.rptr[0] (-)
|-- (1)top.u_cxs_if.u_flit_fifo.rptr[1] (-)
|-- (1)top.u_cxs_if.u_flit_fifo.rptr[2] (-)
|-- (1)top.u_cxs_if.u_flit_fifo.rptr[3] (-)
|-- (1)top.u_cxs_if.u_flit_fifo.rptr[4] (-)
|-- (1)top.u_cxs_if.flit_fifo_rdata[0] (-)
|-- (1)top.u_cxs_if.flit_fifo_rdata[1] (-)
|-- (1)top.u_cxs_if.flit_fifo_rdata[2] (-)
|-- (1)top.u_cxs_if.flit_fifo_rdata[3] (-)
|-- (1)top.u_cxs_if.flit_fifo_rdata[4] (-)
|-- (1)top.u_cxs_if.flit_fifo_rdata[5] (-)
|-- (1)top.u_cxs_if.flit_fifo_rdata[6] (-)
|-- (1)top.u_cxs_if.flit_fifo_rdata[7] (-)
|-- (1)top.u_cxs_if.flit_fifo_rdata[8] (-)
|-- (1)top.u_cxs_if.flit_fifo_rdata[9] (-)
|-- (1)top.u_cxs_if.flit_fifo_rdata[10] (-)
|-- (1)top.u_cxs_if.flit_fifo_rdata[11] (-)
|-- (1)top.u_cxs_if.flit_fifo_rdata[12] (-)
|-- (1)top.u_cxs_if.flit_fifo_rdata[13] (-)
|-- (1)top.u_cxs_if.flit_fifo_rdata[14] (-)
|-- (1)top.u_cxs_if.flit_fifo_rdata[15] (-)
|-- (1)top.u_cxs_if.flit_fifo_rdata[16] (-)
|-- (1)top.u_cxs_if.flit_fifo_rdata[17] (-)
|-- (1)top.u_cxs_if.flit_fifo_rdata[18] (-)
|-- (1)top.u_cxs_if.flit_fifo_rdata[19] (-)
|-- (1)top.u_cxs_if.flit_fifo_rdata[20] (-)
|-- (1)top.u_cxs_if.flit_fifo_rdata[21] (-)
|-- (1)top.u_cxs_if.flit_fifo_rdata[22] (-)
|-- (1)top.u_cxs_if.flit_fifo_rdata[23] (-)
|-- (1)top.u_cxs_if.flit_fifo_rdata[24] (-)
|-- (1)top.u_cxs_if.flit_fifo_rdata[25] (-)
|-- (1)top.u_cxs_if.flit_fifo_rdata[26] (-)
|-- (1)top.u_cxs_if.flit_fifo_rdata[27] (-)
|-- (1)top.u_cxs_if.flit_fifo_rdata[28] (-)
|-- (1)top.u_cxs_if.flit_fifo_rdata[29] (-)
|-- (1)top.u_cxs_if.flit_fifo_rdata[30] (-)
|-- (1)top.u_cxs_if.flit_fifo_rdata[31] (-)
|-- (1)top.u_cxs_if.flit_fifo_rdata[32] (-)
|-- (1)top.u_cxs_if.flit_fifo_rdata[33] (-)
|-- (1)top.u_cxs_if.flit_fifo_rdata[34] (-)
|-- (1)top.u_cxs_if.flit_fifo_rdata[35] (-)
|-- (1)top.u_cxs_if.flit_fifo_rdata[36] (-)
|-- (1)top.u_cxs_if.flit_fifo_rdata[37] (-)
|-- (1)top.u_cxs_if.flit_fifo_rdata[38] (-)
|-- (1)top.u_cxs_if.flit_fifo_rdata[39] (-)
|-- (1)top.u_cxs_if.flit_fifo_rdata[40] (-)
|-- (1)top.u_cxs_if.flit_fifo_rdata[41] (-)
|-- (1)top.u_cxs_if.flit_fifo_rdata[42] (-)
|-- (1)top.u_cxs_if.flit_fifo_rdata[43] (-)
|-- (1)top.u_cxs_if.flit_fifo_rdata[44] (-)
|-- (1)top.u_cxs_if.flit_fifo_rdata[45] (-)
|-- (1)top.u_cxs_if.flit_fifo_rdata[46] (-)
|-- (1)top.u_cxs_if.flit_fifo_rdata[47] (-)
|-- (1)top.u_cxs_if.flit_fifo_rdata[48] (-)
|-- (1)top.u_cxs_if.flit_fifo_rdata[49] (-)
|-- (1)top.u_cxs_if.flit_fifo_rdata[50] (-)
|-- (1)top.u_cxs_if.flit_fifo_rdata[51] (-)
|-- (1)top.u_cxs_if.flit_fifo_rdata[52] (-)
|-- (1)top.u_cxs_if.flit_fifo_rdata[53] (-)
|-- (1)top.u_cxs_if.flit_fifo_rdata[54] (-)
|-- (1)top.u_cxs_if.flit_fifo_rdata[55] (-)
|-- (1)top.u_cxs_if.flit_fifo_rdata[56] (-)
|-- (1)top.u_cxs_if.flit_fifo_rdata[57] (-)
|-- (1)top.u_cxs_if.flit_fifo_rdata[58] (-)
|-- (1)top.u_cxs_if.flit_fifo_rdata[59] (-)
|-- (1)top.u_cxs_if.flit_fifo_rdata[60] (-)
|-- (1)top.u_cxs_if.flit_fifo_rdata[61] (-)
|-- (1)top.u_cxs_if.flit_fifo_rdata[62] (-)
|-- (1)top.u_cxs_if.flit_fifo_rdata[63] (-)
|-- (1)top.u_cxs_if.flit_fifo_rdata[64] (-)
|-- (1)top.u_cxs_if.flit_fifo_rdata[65] (-)
|-- (1)top.u_cxs_if.flit_fifo_rdata[66] (-)
|-- (1)top.u_cxs_if.flit_fifo_rdata[67] (-)
|-- (1)top.u_cxs_if.flit_fifo_rdata[68] (-)
|-- (1)top.u_cxs_if.flit_fifo_rdata[69] (-)
|-- (1)top.u_cxs_if.flit_fifo_rdata[70] (-)
|-- (1)top.u_cxs_if.flit_fifo_rdata[71] (-)
|-- (1)top.u_cxs_if.flit_fifo_rdata[72] (-)
|-- (1)top.u_cxs_if.flit_fifo_rdata[73] (-)
|-- (1)top.u_cxs_if.flit_fifo_rdata[74] (-)
|-- (1)top.u_cxs_if.flit_fifo_rdata[75] (-)
|-- (1)top.u_cxs_if.flit_fifo_rdata[76] (-)
|-- (1)top.u_cxs_if.flit_fifo_rdata[77] (-)
|-- (1)top.u_cxs_if.flit_fifo_rdata[78] (-)
|-- (1)top.u_cxs_if.flit_fifo_rdata[79] (-)
|-- (1)top.u_cxs_if.flit_fifo_rdata[80] (-)
|-- (1)top.u_cxs_if.flit_fifo_rdata[81] (-)
|-- (1)top.u_cxs_if.flit_fifo_rdata[82] (-)
|-- (1)top.u_cxs_if.flit_fifo_rdata[83] (-)
|-- (1)top.u_cxs_if.flit_fifo_rdata[84] (-)
|-- (1)top.u_cxs_if.flit_fifo_rdata[85] (-)
|-- (1)top.u_cxs_if.flit_fifo_rdata[86] (-)
|-- (1)top.u_cxs_if.flit_fifo_rdata[87] (-)
|-- (1)top.u_cxs_if.flit_fifo_rdata[88] (-)
|-- (1)top.u_cxs_if.flit_fifo_rdata[89] (-)
|-- (1)top.u_cxs_if.flit_fifo_rdata[90] (-)
|-- (1)top.u_cxs_if.flit_fifo_rdata[91] (-)
|-- (1)top.u_cxs_if.flit_fifo_rdata[92] (-)
|-- (1)top.u_cxs_if.flit_fifo_rdata[93] (-)
|-- (1)top.u_cxs_if.flit_fifo_rdata[94] (-)
|-- (1)top.u_cxs_if.flit_fifo_rdata[95] (-)
|-- (1)top.u_cxs_if.flit_fifo_rdata[96] (-)
|-- (1)top.u_cxs_if.flit_fifo_rdata[97] (-)
|-- (1)top.u_cxs_if.flit_fifo_rdata[98] (-)
|-- (1)top.u_cxs_if.flit_fifo_rdata[99] (-)
|-- (1)top.u_cxs_if.flit_fifo_rdata[100] (-)
|-- (1)top.u_cxs_if.flit_fifo_rdata[101] (-)
|-- (1)top.u_cxs_if.flit_fifo_rdata[102] (-)
|-- (1)top.u_cxs_if.flit_fifo_rdata[103] (-)
|-- (1)top.u_cxs_if.flit_fifo_rdata[104] (-)
|-- (1)top.u_cxs_if.flit_fifo_rdata[105] (-)
|-- (1)top.u_cxs_if.flit_fifo_rdata[106] (-)
|-- (1)top.u_cxs_if.flit_fifo_rdata[107] (-)
|-- (1)top.u_cxs_if.flit_fifo_rdata[108] (-)
|-- (1)top.u_cxs_if.flit_fifo_rdata[109] (-)
|-- (1)top.u_cxs_if.flit_fifo_rdata[110] (-)
|-- (1)top.u_cxs_if.flit_fifo_rdata[111] (-)
|-- (1)top.u_cxs_if.flit_fifo_rdata[112] (-)
|-- (1)top.u_cxs_if.flit_fifo_rdata[113] (-)
|-- (1)top.u_cxs_if.flit_fifo_rdata[114] (-)
|-- (1)top.u_cxs_if.flit_fifo_rdata[115] (-)
|-- (1)top.u_cxs_if.flit_fifo_rdata[116] (-)
|-- (1)top.u_cxs_if.flit_fifo_rdata[117] (-)
|-- (1)top.u_cxs_if.flit_fifo_rdata[118] (-)
|-- (1)top.u_cxs_if.flit_fifo_rdata[119] (-)
|-- (1)top.u_cxs_if.flit_fifo_rdata[120] (-)
|-- (1)top.u_cxs_if.flit_fifo_rdata[121] (-)
|-- (1)top.u_cxs_if.flit_fifo_rdata[122] (-)
|-- (1)top.u_cxs_if.flit_fifo_rdata[123] (-)
|-- (1)top.u_cxs_if.flit_fifo_rdata[124] (-)
|-- (1)top.u_cxs_if.flit_fifo_rdata[125] (-)
|-- (1)top.u_cxs_if.flit_fifo_rdata[126] (-)
|-- (1)top.u_cxs_if.flit_fifo_rdata[127] (-)
|-- (1)top.u_cxs_if.flit_fifo_rdata[128] (-)
|-- (1)top.u_cxs_if.flit_fifo_rdata[129] (-)
|-- (1)top.u_cxs_if.flit_fifo_rdata[130] (-)
|-- (1)top.u_cxs_if.flit_fifo_rdata[131] (-)
|-- (1)top.u_cxs_if.flit_fifo_rdata[132] (-)
|-- (1)top.u_cxs_if.flit_fifo_rdata[133] (-)
|-- (1)top.u_cxs_if.flit_fifo_rdata[134] (-)
|-- (1)top.u_cxs_if.flit_fifo_rdata[135] (-)
|-- (1)top.u_cxs_if.flit_fifo_rdata[136] (-)
|-- (1)top.u_cxs_if.flit_fifo_rdata[137] (-)
|-- (1)top.u_cxs_if.flit_fifo_rdata[138] (-)
|-- (1)top.u_cxs_if.flit_fifo_rdata[139] (-)
|-- (1)top.u_cxs_if.flit_fifo_rdata[140] (-)
|-- (1)top.u_cxs_if.flit_fifo_rdata[141] (-)
|-- (1)top.u_cxs_if.flit_fifo_rdata[142] (-)
|-- (1)top.u_cxs_if.flit_fifo_rdata[143] (-)
|-- (1)top.u_cxs_if.flit_fifo_rdata[144] (-)
|-- (1)top.u_cxs_if.flit_fifo_rdata[145] (-)
|-- (1)top.u_cxs_if.flit_fifo_rdata[146] (-)
|-- (1)top.u_cxs_if.flit_fifo_rdata[147] (-)
|-- (1)top.u_cxs_if.flit_fifo_rdata[148] (-)
|-- (1)top.u_cxs_if.flit_fifo_rdata[149] (-)
|-- (1)top.u_cxs_if.flit_fifo_rdata[150] (-)
|-- (1)top.u_cxs_if.flit_fifo_rdata[151] (-)
|-- (1)top.u_cxs_if.flit_fifo_rdata[152] (-)
|-- (1)top.u_cxs_if.flit_fifo_rdata[153] (-)
|-- (1)top.u_cxs_if.flit_fifo_rdata[154] (-)
|-- (1)top.u_cxs_if.flit_fifo_rdata[155] (-)
|-- (1)top.u_cxs_if.flit_fifo_rdata[156] (-)
|-- (1)top.u_cxs_if.flit_fifo_rdata[157] (-)
|-- (1)top.u_cxs_if.flit_fifo_rdata[158] (-)
|-- (1)top.u_cxs_if.flit_fifo_rdata[159] (-)
|-- (1)top.u_cxs_if.flit_fifo_rdata[160] (-)
|-- (1)top.u_cxs_if.flit_fifo_rdata[161] (-)
|-- (1)top.u_cxs_if.flit_fifo_rdata[162] (-)
|-- (1)top.u_cxs_if.flit_fifo_rdata[163] (-)
|-- (1)top.u_cxs_if.flit_fifo_rdata[164] (-)
|-- (1)top.u_cxs_if.flit_fifo_rdata[165] (-)
|-- (1)top.u_cxs_if.flit_fifo_rdata[166] (-)
|-- (1)top.u_cxs_if.flit_fifo_rdata[167] (-)
|-- (1)top.u_cxs_if.flit_fifo_rdata[168] (-)
|-- (1)top.u_cxs_if.flit_fifo_rdata[169] (-)
|-- (1)top.u_cxs_if.flit_fifo_rdata[170] (-)
|-- (1)top.u_cxs_if.flit_fifo_rdata[171] (-)
|-- (1)top.u_cxs_if.flit_fifo_rdata[172] (-)
|-- (1)top.u_cxs_if.flit_fifo_rdata[173] (-)
|-- (1)top.u_cxs_if.flit_fifo_rdata[174] (-)
|-- (1)top.u_cxs_if.flit_fifo_rdata[175] (-)
|-- (1)top.u_cxs_if.flit_fifo_rdata[176] (-)
|-- (1)top.u_cxs_if.flit_fifo_rdata[177] (-)
|-- (1)top.u_cxs_if.flit_fifo_rdata[178] (-)
|-- (1)top.u_cxs_if.flit_fifo_rdata[179] (-)
|-- (1)top.u_cxs_if.flit_fifo_rdata[180] (-)
|-- (1)top.u_cxs_if.flit_fifo_rdata[181] (-)
|-- (1)top.u_cxs_if.flit_fifo_rdata[182] (-)
|-- (1)top.u_cxs_if.flit_fifo_rdata[183] (-)
|-- (1)top.u_cxs_if.flit_fifo_rdata[184] (-)
|-- (1)top.u_cxs_if.flit_fifo_rdata[185] (-)
|-- (1)top.u_cxs_if.flit_fifo_rdata[186] (-)
|-- (1)top.u_cxs_if.flit_fifo_rdata[187] (-)
|-- (1)top.u_cxs_if.flit_fifo_rdata[188] (-)
|-- (1)top.u_cxs_if.flit_fifo_rdata[189] (-)
|-- (1)top.u_cxs_if.flit_fifo_rdata[190] (-)
|-- (1)top.u_cxs_if.flit_fifo_rdata[191] (-)
|-- (1)top.u_cxs_if.flit_fifo_rdata[192] (-)
|-- (1)top.u_cxs_if.flit_fifo_rdata[193] (-)
|-- (1)top.u_cxs_if.flit_fifo_rdata[194] (-)
|-- (1)top.u_cxs_if.flit_fifo_rdata[195] (-)
|-- (1)top.u_cxs_if.flit_fifo_rdata[196] (-)
|-- (1)top.u_cxs_if.flit_fifo_rdata[197] (-)
|-- (1)top.u_cxs_if.flit_fifo_rdata[198] (-)
|-- (1)top.u_cxs_if.flit_fifo_rdata[199] (-)
|-- (1)top.u_cxs_if.flit_fifo_rdata[200] (-)
|-- (1)top.u_cxs_if.flit_fifo_rdata[201] (-)
|-- (1)top.u_cxs_if.flit_fifo_rdata[202] (-)
|-- (1)top.u_cxs_if.flit_fifo_rdata[203] (-)
|-- (1)top.u_cxs_if.flit_fifo_rdata[204] (-)
|-- (1)top.u_cxs_if.flit_fifo_rdata[205] (-)
|-- (1)top.u_cxs_if.flit_fifo_rdata[206] (-)
|-- (1)top.u_cxs_if.flit_fifo_rdata[207] (-)
|-- (1)top.u_cxs_if.flit_fifo_rdata[208] (-)
|-- (1)top.u_cxs_if.flit_fifo_rdata[209] (-)
|-- (1)top.u_cxs_if.flit_fifo_rdata[210] (-)
|-- (1)top.u_cxs_if.flit_fifo_rdata[211] (-)
|-- (1)top.u_cxs_if.flit_fifo_rdata[212] (-)
|-- (1)top.u_cxs_if.flit_fifo_rdata[213] (-)
|-- (1)top.u_cxs_if.flit_fifo_rdata[214] (-)
|-- (1)top.u_cxs_if.flit_fifo_rdata[215] (-)
|-- (1)top.u_cxs_if.flit_fifo_rdata[216] (-)
|-- (1)top.u_cxs_if.flit_fifo_rdata[217] (-)
|-- (1)top.u_cxs_if.flit_fifo_rdata[218] (-)
|-- (1)top.u_cxs_if.flit_fifo_rdata[219] (-)
|-- (1)top.u_cxs_if.flit_fifo_rdata[220] (-)
|-- (1)top.u_cxs_if.flit_fifo_rdata[221] (-)
|-- (1)top.u_cxs_if.flit_fifo_rdata[222] (-)
|-- (1)top.u_cxs_if.flit_fifo_rdata[223] (-)
|-- (1)top.u_cxs_if.flit_fifo_rdata[224] (-)
|-- (1)top.u_cxs_if.flit_fifo_rdata[225] (-)
|-- (1)top.u_cxs_if.flit_fifo_rdata[226] (-)
|-- (1)top.u_cxs_if.flit_fifo_rdata[227] (-)
|-- (1)top.u_cxs_if.flit_fifo_rdata[228] (-)
|-- (1)top.u_cxs_if.flit_fifo_rdata[229] (-)
|-- (1)top.u_cxs_if.flit_fifo_rdata[230] (-)
|-- (1)top.u_cxs_if.flit_fifo_rdata[231] (-)
|-- (1)top.u_cxs_if.flit_fifo_rdata[232] (-)
|-- (1)top.u_cxs_if.flit_fifo_rdata[233] (-)
|-- (1)top.u_cxs_if.flit_fifo_rdata[234] (-)
|-- (1)top.u_cxs_if.flit_fifo_rdata[235] (-)
|-- (1)top.u_cxs_if.flit_fifo_rdata[236] (-)
|-- (1)top.u_cxs_if.flit_fifo_rdata[237] (-)
|-- (1)top.u_cxs_if.flit_fifo_rdata[238] (-)
|-- (1)top.u_cxs_if.flit_fifo_rdata[239] (-)
|-- (1)top.u_cxs_if.flit_fifo_rdata[240] (-)
|-- (1)top.u_cxs_if.flit_fifo_rdata[241] (-)
|-- (1)top.u_cxs_if.flit_fifo_rdata[242] (-)
|-- (1)top.u_cxs_if.flit_fifo_rdata[243] (-)
|-- (1)top.u_cxs_if.flit_fifo_rdata[244] (-)
|-- (1)top.u_cxs_if.flit_fifo_rdata[245] (-)
|-- (1)top.u_cxs_if.flit_fifo_rdata[246] (-)
|-- (1)top.u_cxs_if.flit_fifo_rdata[247] (-)
|-- (1)top.u_cxs_if.flit_fifo_rdata[248] (-)
|-- (1)top.u_cxs_if.flit_fifo_rdata[249] (-)
|-- (1)top.u_cxs_if.flit_fifo_rdata[250] (-)
|-- (1)top.u_cxs_if.flit_fifo_rdata[251] (-)
|-- (1)top.u_cxs_if.flit_fifo_rdata[252] (-)
|-- (1)top.u_cxs_if.flit_fifo_rdata[253] (-)
|-- (1)top.u_cxs_if.flit_fifo_rdata[254] (-)
|-- (1)top.u_cxs_if.flit_fifo_rdata[255] (-)
|-- (1)top.u_cxs_if.flit_fifo_rdata[256] (-)
|-- (1)top.u_cxs_if.flit_fifo_rdata[257] (-)
|-- (1)top.u_cxs_if.flit_fifo_rdata[258] (-)
|-- (1)top.u_cxs_if.flit_fifo_rdata[259] (-)
|-- (1)top.u_cxs_if.flit_fifo_rdata[260] (-)
|-- (1)top.u_cxs_if.flit_fifo_rdata[261] (-)
|-- (1)top.u_cxs_if.flit_fifo_rdata[262] (-)
|-- (1)top.u_cxs_if.flit_fifo_rdata[263] (-)
|-- (1)top.u_cxs_if.flit_fifo_rdata[264] (-)
|-- (1)top.u_cxs_if.flit_fifo_rdata[265] (-)
|-- (1)top.u_cxs_if.flit_fifo_rdata[266] (-)
|-- (1)top.u_cxs_if.flit_fifo_rdata[267] (-)
|-- (1)top.u_cxs_if.flit_fifo_rdata[268] (-)
`-- (1)top.u_cxs_if.flit_fifo_rdata[269] (-)
============================================
ROOT RESET: top.i_top_sys_rst_n
|-- (1)top.err_toggle (-)
|-- (1)top.u_system_wrapper.u_cdm.mem[8][0] (-)
|-- (1)top.u_system_wrapper.u_cdm.mem[8][1] (-)
|-- (1)top.u_system_wrapper.u_cdm.mem[8][2] (-)
|-- (1)top.u_system_wrapper.u_cdm.mem[8][3] (-)
|-- (1)top.u_system_wrapper.u_cdm.mem[8][4] (-)
|-- (1)top.u_system_wrapper.u_cdm.mem[8][5] (-)
|-- (1)top.u_system_wrapper.u_cdm.mem[8][6] (-)
|-- (1)top.u_system_wrapper.u_cdm.mem[8][7] (-)
|-- (1)top.u_system_wrapper.u_cdm.mem[8][8] (-)
|-- (1)top.u_system_wrapper.u_cdm.mem[8][9] (-)
|-- (1)top.u_system_wrapper.u_cdm.mem[8][10] (-)
|-- (1)top.u_system_wrapper.u_cdm.mem[8][11] (-)
|-- (1)top.u_system_wrapper.u_cdm.mem[8][12] (-)
|-- (1)top.u_system_wrapper.u_cdm.mem[8][13] (-)
|-- (1)top.u_system_wrapper.u_cdm.mem[8][14] (-)
|-- (1)top.u_system_wrapper.u_cdm.mem[8][15] (-)
|-- (1)top.u_system_wrapper.u_cdm.mem[8][16] (-)
|-- (1)top.u_system_wrapper.u_cdm.mem[8][17] (-)
|-- (1)top.u_system_wrapper.u_cdm.mem[8][18] (-)
|-- (1)top.u_system_wrapper.u_cdm.mem[8][19] (-)
|-- (1)top.u_system_wrapper.u_cdm.mem[8][20] (-)
|-- (1)top.u_system_wrapper.u_cdm.mem[8][21] (-)
|-- (1)top.u_system_wrapper.u_cdm.mem[8][22] (-)
|-- (1)top.u_system_wrapper.u_cdm.mem[8][23] (-)
|-- (1)top.u_system_wrapper.u_cdm.mem[8][24] (-)
|-- (1)top.u_system_wrapper.u_cdm.mem[8][25] (-)
|-- (1)top.u_system_wrapper.u_cdm.mem[8][26] (-)
|-- (1)top.u_system_wrapper.u_cdm.mem[8][27] (-)
|-- (1)top.u_system_wrapper.u_cdm.mem[8][28] (-)
|-- (1)top.u_system_wrapper.u_cdm.mem[8][29] (-)
|-- (1)top.u_system_wrapper.u_cdm.mem[8][30] (-)
|-- (1)top.u_system_wrapper.u_cdm.mem[8][31] (-)
|-- (1)top.u_system_wrapper.u_cdm.mem[8][32] (-)
|-- (1)top.u_system_wrapper.u_cdm.mem[7][0] (-)
|-- (1)top.u_system_wrapper.u_cdm.mem[7][1] (-)
|-- (1)top.u_system_wrapper.u_cdm.mem[7][2] (-)
|-- (1)top.u_system_wrapper.u_cdm.mem[7][3] (-)
|-- (1)top.u_system_wrapper.u_cdm.mem[7][4] (-)
|-- (1)top.u_system_wrapper.u_cdm.mem[7][5] (-)
|-- (1)top.u_system_wrapper.u_cdm.mem[7][6] (-)
|-- (1)top.u_system_wrapper.u_cdm.mem[7][7] (-)
|-- (1)top.u_system_wrapper.u_cdm.mem[7][8] (-)
|-- (1)top.u_system_wrapper.u_cdm.mem[7][9] (-)
|-- (1)top.u_system_wrapper.u_cdm.mem[7][10] (-)
|-- (1)top.u_system_wrapper.u_cdm.mem[7][11] (-)
|-- (1)top.u_system_wrapper.u_cdm.mem[7][12] (-)
|-- (1)top.u_system_wrapper.u_cdm.mem[7][13] (-)
|-- (1)top.u_system_wrapper.u_cdm.mem[7][14] (-)
|-- (1)top.u_system_wrapper.u_cdm.mem[7][15] (-)
|-- (1)top.u_system_wrapper.u_cdm.mem[7][16] (-)
|-- (1)top.u_system_wrapper.u_cdm.mem[7][17] (-)
|-- (1)top.u_system_wrapper.u_cdm.mem[7][18] (-)
|-- (1)top.u_system_wrapper.u_cdm.mem[7][19] (-)
|-- (1)top.u_system_wrapper.u_cdm.mem[7][20] (-)
|-- (1)top.u_system_wrapper.u_cdm.mem[7][21] (-)
|-- (1)top.u_system_wrapper.u_cdm.mem[7][22] (-)
|-- (1)top.u_system_wrapper.u_cdm.mem[7][23] (-)
|-- (1)top.u_system_wrapper.u_cdm.mem[7][24] (-)
|-- (1)top.u_system_wrapper.u_cdm.mem[7][25] (-)
|-- (1)top.u_system_wrapper.u_cdm.mem[7][26] (-)
|-- (1)top.u_system_wrapper.u_cdm.mem[7][27] (-)
|-- (1)top.u_system_wrapper.u_cdm.mem[7][28] (-)
|-- (1)top.u_system_wrapper.u_cdm.mem[7][29] (-)
|-- (1)top.u_system_wrapper.u_cdm.mem[7][30] (-)
|-- (1)top.u_system_wrapper.u_cdm.mem[7][31] (-)
|-- (1)top.u_system_wrapper.u_cdm.mem[7][32] (-)
|-- (1)top.u_system_wrapper.u_cdm.mem[6][0] (-)
|-- (1)top.u_system_wrapper.u_cdm.mem[6][1] (-)
|-- (1)top.u_system_wrapper.u_cdm.mem[6][2] (-)
|-- (1)top.u_system_wrapper.u_cdm.mem[6][3] (-)
|-- (1)top.u_system_wrapper.u_cdm.mem[6][4] (-)
|-- (1)top.u_system_wrapper.u_cdm.mem[6][5] (-)
|-- (1)top.u_system_wrapper.u_cdm.mem[6][6] (-)
|-- (1)top.u_system_wrapper.u_cdm.mem[6][7] (-)
|-- (1)top.u_system_wrapper.u_cdm.mem[6][8] (-)
|-- (1)top.u_system_wrapper.u_cdm.mem[6][9] (-)
|-- (1)top.u_system_wrapper.u_cdm.mem[6][10] (-)
|-- (1)top.u_system_wrapper.u_cdm.mem[6][11] (-)
|-- (1)top.u_system_wrapper.u_cdm.mem[6][12] (-)
|-- (1)top.u_system_wrapper.u_cdm.mem[6][13] (-)
|-- (1)top.u_system_wrapper.u_cdm.mem[6][14] (-)
|-- (1)top.u_system_wrapper.u_cdm.mem[6][15] (-)
|-- (1)top.u_system_wrapper.u_cdm.mem[6][16] (-)
|-- (1)top.u_system_wrapper.u_cdm.mem[6][17] (-)
|-- (1)top.u_system_wrapper.u_cdm.mem[6][18] (-)
|-- (1)top.u_system_wrapper.u_cdm.mem[6][19] (-)
|-- (1)top.u_system_wrapper.u_cdm.mem[6][20] (-)
|-- (1)top.u_system_wrapper.u_cdm.mem[6][21] (-)
|-- (1)top.u_system_wrapper.u_cdm.mem[6][22] (-)
|-- (1)top.u_system_wrapper.u_cdm.mem[6][23] (-)
|-- (1)top.u_system_wrapper.u_cdm.mem[6][24] (-)
|-- (1)top.u_system_wrapper.u_cdm.mem[6][25] (-)
|-- (1)top.u_system_wrapper.u_cdm.mem[6][26] (-)
|-- (1)top.u_system_wrapper.u_cdm.mem[6][27] (-)
|-- (1)top.u_system_wrapper.u_cdm.mem[6][28] (-)
|-- (1)top.u_system_wrapper.u_cdm.mem[6][29] (-)
|-- (1)top.u_system_wrapper.u_cdm.mem[6][30] (-)
|-- (1)top.u_system_wrapper.u_cdm.mem[6][31] (-)
|-- (1)top.u_system_wrapper.u_cdm.mem[6][32] (-)
|-- (1)top.u_system_wrapper.u_cdm.mem[5][0] (-)
|-- (1)top.u_system_wrapper.u_cdm.mem[5][1] (-)
|-- (1)top.u_system_wrapper.u_cdm.mem[5][2] (-)
|-- (1)top.u_system_wrapper.u_cdm.mem[5][3] (-)
|-- (1)top.u_system_wrapper.u_cdm.mem[5][4] (-)
|-- (1)top.u_system_wrapper.u_cdm.mem[5][5] (-)
|-- (1)top.u_system_wrapper.u_cdm.mem[5][6] (-)
|-- (1)top.u_system_wrapper.u_cdm.mem[5][7] (-)
|-- (1)top.u_system_wrapper.u_cdm.mem[5][8] (-)
|-- (1)top.u_system_wrapper.u_cdm.mem[5][9] (-)
|-- (1)top.u_system_wrapper.u_cdm.mem[5][10] (-)
|-- (1)top.u_system_wrapper.u_cdm.mem[5][11] (-)
|-- (1)top.u_system_wrapper.u_cdm.mem[5][12] (-)
|-- (1)top.u_system_wrapper.u_cdm.mem[5][13] (-)
|-- (1)top.u_system_wrapper.u_cdm.mem[5][14] (-)
|-- (1)top.u_system_wrapper.u_cdm.mem[5][15] (-)
|-- (1)top.u_system_wrapper.u_cdm.mem[5][16] (-)
|-- (1)top.u_system_wrapper.u_cdm.mem[5][17] (-)
|-- (1)top.u_system_wrapper.u_cdm.mem[5][18] (-)
|-- (1)top.u_system_wrapper.u_cdm.mem[5][19] (-)
|-- (1)top.u_system_wrapper.u_cdm.mem[5][20] (-)
|-- (1)top.u_system_wrapper.u_cdm.mem[5][21] (-)
|-- (1)top.u_system_wrapper.u_cdm.mem[5][22] (-)
|-- (1)top.u_system_wrapper.u_cdm.mem[5][23] (-)
|-- (1)top.u_system_wrapper.u_cdm.mem[5][24] (-)
|-- (1)top.u_system_wrapper.u_cdm.mem[5][25] (-)
|-- (1)top.u_system_wrapper.u_cdm.mem[5][26] (-)
|-- (1)top.u_system_wrapper.u_cdm.mem[5][27] (-)
|-- (1)top.u_system_wrapper.u_cdm.mem[5][28] (-)
|-- (1)top.u_system_wrapper.u_cdm.mem[5][29] (-)
|-- (1)top.u_system_wrapper.u_cdm.mem[5][30] (-)
|-- (1)top.u_system_wrapper.u_cdm.mem[5][31] (-)
|-- (1)top.u_system_wrapper.u_cdm.mem[5][32] (-)
|-- (1)top.u_system_wrapper.u_cdm.mem[4][0] (-)
|-- (1)top.u_system_wrapper.u_cdm.mem[4][1] (-)
|-- (1)top.u_system_wrapper.u_cdm.mem[4][2] (-)
|-- (1)top.u_system_wrapper.u_cdm.mem[4][3] (-)
|-- (1)top.u_system_wrapper.u_cdm.mem[4][4] (-)
|-- (1)top.u_system_wrapper.u_cdm.mem[4][5] (-)
|-- (1)top.u_system_wrapper.u_cdm.mem[4][6] (-)
|-- (1)top.u_system_wrapper.u_cdm.mem[4][7] (-)
|-- (1)top.u_system_wrapper.u_cdm.mem[4][8] (-)
|-- (1)top.u_system_wrapper.u_cdm.mem[4][9] (-)
|-- (1)top.u_system_wrapper.u_cdm.mem[4][10] (-)
|-- (1)top.u_system_wrapper.u_cdm.mem[4][11] (-)
|-- (1)top.u_system_wrapper.u_cdm.mem[4][12] (-)
|-- (1)top.u_system_wrapper.u_cdm.mem[4][13] (-)
|-- (1)top.u_system_wrapper.u_cdm.mem[4][14] (-)
|-- (1)top.u_system_wrapper.u_cdm.mem[4][15] (-)
|-- (1)top.u_system_wrapper.u_cdm.mem[4][16] (-)
|-- (1)top.u_system_wrapper.u_cdm.mem[4][17] (-)
|-- (1)top.u_system_wrapper.u_cdm.mem[4][18] (-)
|-- (1)top.u_system_wrapper.u_cdm.mem[4][19] (-)
|-- (1)top.u_system_wrapper.u_cdm.mem[4][20] (-)
|-- (1)top.u_system_wrapper.u_cdm.mem[4][21] (-)
|-- (1)top.u_system_wrapper.u_cdm.mem[4][22] (-)
|-- (1)top.u_system_wrapper.u_cdm.mem[4][23] (-)
|-- (1)top.u_system_wrapper.u_cdm.mem[4][24] (-)
|-- (1)top.u_system_wrapper.u_cdm.mem[4][25] (-)
|-- (1)top.u_system_wrapper.u_cdm.mem[4][26] (-)
|-- (1)top.u_system_wrapper.u_cdm.mem[4][27] (-)
|-- (1)top.u_system_wrapper.u_cdm.mem[4][28] (-)
|-- (1)top.u_system_wrapper.u_cdm.mem[4][29] (-)
|-- (1)top.u_system_wrapper.u_cdm.mem[4][30] (-)
|-- (1)top.u_system_wrapper.u_cdm.mem[4][31] (-)
|-- (1)top.u_system_wrapper.u_cdm.mem[4][32] (-)
|-- (1)top.u_system_wrapper.u_cdm.mem[3][0] (-)
|-- (1)top.u_system_wrapper.u_cdm.mem[3][1] (-)
|-- (1)top.u_system_wrapper.u_cdm.mem[3][2] (-)
|-- (1)top.u_system_wrapper.u_cdm.mem[3][3] (-)
|-- (1)top.u_system_wrapper.u_cdm.mem[3][4] (-)
|-- (1)top.u_system_wrapper.u_cdm.mem[3][5] (-)
|-- (1)top.u_system_wrapper.u_cdm.mem[3][6] (-)
|-- (1)top.u_system_wrapper.u_cdm.mem[3][7] (-)
|-- (1)top.u_system_wrapper.u_cdm.mem[3][8] (-)
|-- (1)top.u_system_wrapper.u_cdm.mem[3][9] (-)
|-- (1)top.u_system_wrapper.u_cdm.mem[3][10] (-)
|-- (1)top.u_system_wrapper.u_cdm.mem[3][11] (-)
|-- (1)top.u_system_wrapper.u_cdm.mem[3][12] (-)
|-- (1)top.u_system_wrapper.u_cdm.mem[3][13] (-)
|-- (1)top.u_system_wrapper.u_cdm.mem[3][14] (-)
|-- (1)top.u_system_wrapper.u_cdm.mem[3][15] (-)
|-- (1)top.u_system_wrapper.u_cdm.mem[3][16] (-)
|-- (1)top.u_system_wrapper.u_cdm.mem[3][17] (-)
|-- (1)top.u_system_wrapper.u_cdm.mem[3][18] (-)
|-- (1)top.u_system_wrapper.u_cdm.mem[3][19] (-)
|-- (1)top.u_system_wrapper.u_cdm.mem[3][20] (-)
|-- (1)top.u_system_wrapper.u_cdm.mem[3][21] (-)
|-- (1)top.u_system_wrapper.u_cdm.mem[3][22] (-)
|-- (1)top.u_system_wrapper.u_cdm.mem[3][23] (-)
|-- (1)top.u_system_wrapper.u_cdm.mem[3][24] (-)
|-- (1)top.u_system_wrapper.u_cdm.mem[3][25] (-)
|-- (1)top.u_system_wrapper.u_cdm.mem[3][26] (-)
|-- (1)top.u_system_wrapper.u_cdm.mem[3][27] (-)
|-- (1)top.u_system_wrapper.u_cdm.mem[3][28] (-)
|-- (1)top.u_system_wrapper.u_cdm.mem[3][29] (-)
|-- (1)top.u_system_wrapper.u_cdm.mem[3][30] (-)
|-- (1)top.u_system_wrapper.u_cdm.mem[3][31] (-)
|-- (1)top.u_system_wrapper.u_cdm.mem[3][32] (-)
|-- (1)top.u_system_wrapper.u_cdm.mem[2][0] (-)
|-- (1)top.u_system_wrapper.u_cdm.mem[2][1] (-)
|-- (1)top.u_system_wrapper.u_cdm.mem[2][2] (-)
|-- (1)top.u_system_wrapper.u_cdm.mem[2][3] (-)
|-- (1)top.u_system_wrapper.u_cdm.mem[2][4] (-)
|-- (1)top.u_system_wrapper.u_cdm.mem[2][5] (-)
|-- (1)top.u_system_wrapper.u_cdm.mem[2][6] (-)
|-- (1)top.u_system_wrapper.u_cdm.mem[2][7] (-)
|-- (1)top.u_system_wrapper.u_cdm.mem[2][8] (-)
|-- (1)top.u_system_wrapper.u_cdm.mem[2][9] (-)
|-- (1)top.u_system_wrapper.u_cdm.mem[2][10] (-)
|-- (1)top.u_system_wrapper.u_cdm.mem[2][11] (-)
|-- (1)top.u_system_wrapper.u_cdm.mem[2][12] (-)
|-- (1)top.u_system_wrapper.u_cdm.mem[2][13] (-)
|-- (1)top.u_system_wrapper.u_cdm.mem[2][14] (-)
|-- (1)top.u_system_wrapper.u_cdm.mem[2][15] (-)
|-- (1)top.u_system_wrapper.u_cdm.mem[2][16] (-)
|-- (1)top.u_system_wrapper.u_cdm.mem[2][17] (-)
|-- (1)top.u_system_wrapper.u_cdm.mem[2][18] (-)
|-- (1)top.u_system_wrapper.u_cdm.mem[2][19] (-)
|-- (1)top.u_system_wrapper.u_cdm.mem[2][20] (-)
|-- (1)top.u_system_wrapper.u_cdm.mem[2][21] (-)
|-- (1)top.u_system_wrapper.u_cdm.mem[2][22] (-)
|-- (1)top.u_system_wrapper.u_cdm.mem[2][23] (-)
|-- (1)top.u_system_wrapper.u_cdm.mem[2][24] (-)
|-- (1)top.u_system_wrapper.u_cdm.mem[2][25] (-)
|-- (1)top.u_system_wrapper.u_cdm.mem[2][26] (-)
|-- (1)top.u_system_wrapper.u_cdm.mem[2][27] (-)
|-- (1)top.u_system_wrapper.u_cdm.mem[2][28] (-)
|-- (1)top.u_system_wrapper.u_cdm.mem[2][29] (-)
|-- (1)top.u_system_wrapper.u_cdm.mem[2][30] (-)
|-- (1)top.u_system_wrapper.u_cdm.mem[2][31] (-)
|-- (1)top.u_system_wrapper.u_cdm.mem[2][32] (-)
|-- (1)top.u_system_wrapper.u_cdm.mem[1][0] (-)
|-- (1)top.u_system_wrapper.u_cdm.mem[1][1] (-)
|-- (1)top.u_system_wrapper.u_cdm.mem[1][2] (-)
|-- (1)top.u_system_wrapper.u_cdm.mem[1][3] (-)
|-- (1)top.u_system_wrapper.u_cdm.mem[1][4] (-)
|-- (1)top.u_system_wrapper.u_cdm.mem[1][5] (-)
|-- (1)top.u_system_wrapper.u_cdm.mem[1][6] (-)
|-- (1)top.u_system_wrapper.u_cdm.mem[1][7] (-)
|-- (1)top.u_system_wrapper.u_cdm.mem[1][8] (-)
|-- (1)top.u_system_wrapper.u_cdm.mem[1][9] (-)
|-- (1)top.u_system_wrapper.u_cdm.mem[1][10] (-)
|-- (1)top.u_system_wrapper.u_cdm.mem[1][11] (-)
|-- (1)top.u_system_wrapper.u_cdm.mem[1][12] (-)
|-- (1)top.u_system_wrapper.u_cdm.mem[1][13] (-)
|-- (1)top.u_system_wrapper.u_cdm.mem[1][14] (-)
|-- (1)top.u_system_wrapper.u_cdm.mem[1][15] (-)
|-- (1)top.u_system_wrapper.u_cdm.mem[1][16] (-)
|-- (1)top.u_system_wrapper.u_cdm.mem[1][17] (-)
|-- (1)top.u_system_wrapper.u_cdm.mem[1][18] (-)
|-- (1)top.u_system_wrapper.u_cdm.mem[1][19] (-)
|-- (1)top.u_system_wrapper.u_cdm.mem[1][20] (-)
|-- (1)top.u_system_wrapper.u_cdm.mem[1][21] (-)
|-- (1)top.u_system_wrapper.u_cdm.mem[1][22] (-)
|-- (1)top.u_system_wrapper.u_cdm.mem[1][23] (-)
|-- (1)top.u_system_wrapper.u_cdm.mem[1][24] (-)
|-- (1)top.u_system_wrapper.u_cdm.mem[1][25] (-)
|-- (1)top.u_system_wrapper.u_cdm.mem[1][26] (-)
|-- (1)top.u_system_wrapper.u_cdm.mem[1][27] (-)
|-- (1)top.u_system_wrapper.u_cdm.mem[1][28] (-)
|-- (1)top.u_system_wrapper.u_cdm.mem[1][29] (-)
|-- (1)top.u_system_wrapper.u_cdm.mem[1][30] (-)
|-- (1)top.u_system_wrapper.u_cdm.mem[1][31] (-)
|-- (1)top.u_system_wrapper.u_cdm.mem[1][32] (-)
|-- (1)top.u_system_wrapper.u_cdm.mem[0][0] (-)
|-- (1)top.u_system_wrapper.u_cdm.mem[0][1] (-)
|-- (1)top.u_system_wrapper.u_cdm.mem[0][2] (-)
|-- (1)top.u_system_wrapper.u_cdm.mem[0][3] (-)
|-- (1)top.u_system_wrapper.u_cdm.mem[0][4] (-)
|-- (1)top.u_system_wrapper.u_cdm.mem[0][5] (-)
|-- (1)top.u_system_wrapper.u_cdm.mem[0][6] (-)
|-- (1)top.u_system_wrapper.u_cdm.mem[0][7] (-)
|-- (1)top.u_system_wrapper.u_cdm.mem[0][8] (-)
|-- (1)top.u_system_wrapper.u_cdm.mem[0][9] (-)
|-- (1)top.u_system_wrapper.u_cdm.mem[0][10] (-)
|-- (1)top.u_system_wrapper.u_cdm.mem[0][11] (-)
|-- (1)top.u_system_wrapper.u_cdm.mem[0][12] (-)
|-- (1)top.u_system_wrapper.u_cdm.mem[0][13] (-)
|-- (1)top.u_system_wrapper.u_cdm.mem[0][14] (-)
|-- (1)top.u_system_wrapper.u_cdm.mem[0][15] (-)
|-- (1)top.u_system_wrapper.u_cdm.mem[0][16] (-)
|-- (1)top.u_system_wrapper.u_cdm.mem[0][17] (-)
|-- (1)top.u_system_wrapper.u_cdm.mem[0][18] (-)
|-- (1)top.u_system_wrapper.u_cdm.mem[0][19] (-)
|-- (1)top.u_system_wrapper.u_cdm.mem[0][20] (-)
|-- (1)top.u_system_wrapper.u_cdm.mem[0][21] (-)
|-- (1)top.u_system_wrapper.u_cdm.mem[0][22] (-)
|-- (1)top.u_system_wrapper.u_cdm.mem[0][23] (-)
|-- (1)top.u_system_wrapper.u_cdm.mem[0][24] (-)
|-- (1)top.u_system_wrapper.u_cdm.mem[0][25] (-)
|-- (1)top.u_system_wrapper.u_cdm.mem[0][26] (-)
|-- (1)top.u_system_wrapper.u_cdm.mem[0][27] (-)
|-- (1)top.u_system_wrapper.u_cdm.mem[0][28] (-)
|-- (1)top.u_system_wrapper.u_cdm.mem[0][29] (-)
|-- (1)top.u_system_wrapper.u_cdm.mem[0][30] (-)
|-- (1)top.u_system_wrapper.u_cdm.mem[0][31] (-)
|-- (1)top.u_system_wrapper.u_cdm.mem[0][32] (-)
|-- (1)top.u_system_wrapper.u_atu.base_addr_reg[0] (-)
|-- (1)top.u_system_wrapper.u_atu.base_addr_reg[1] (-)
|-- (1)top.u_system_wrapper.u_atu.base_addr_reg[2] (-)
|-- (1)top.u_system_wrapper.u_atu.base_addr_reg[3] (-)
|-- (1)top.u_system_wrapper.u_atu.base_addr_reg[4] (-)
|-- (1)top.u_system_wrapper.u_atu.base_addr_reg[5] (-)
|-- (1)top.u_system_wrapper.u_atu.base_addr_reg[6] (-)
|-- (1)top.u_system_wrapper.u_atu.base_addr_reg[7] (-)
|-- (1)top.u_system_wrapper.u_control_unit.cfg_hdr_written (-)
|-- (1)top.u_system_wrapper.u_control_unit.linkup_frame_done (-)
|-- (1)top.u_system_wrapper.u_control_unit.err_code[0] (-)
|-- (1)top.u_system_wrapper.u_control_unit.err_code[1] (-)
|-- (1)top.u_system_wrapper.u_control_unit.state[0] (-)
|-- (1)top.u_system_wrapper.u_control_unit.state[1] (-)
|-- (1)top.u_system_wrapper.u_control_unit.state[2] (-)
|-- (1)top.u_system_wrapper.u_control_unit.tlp_word_counter[0] (-)
|-- (1)top.u_system_wrapper.u_control_unit.tlp_word_counter[1] (-)
|-- (1)top.u_system_wrapper.u_control_unit.tlp_config_counter[0] (-)
|-- (1)top.u_system_wrapper.u_control_unit.tlp_config_counter[1] (-)
|-- (1)top.u_system_wrapper.u_control_unit.tlp_config_counter[2] (-)
|-- (1)top.u_system_wrapper.u_control_unit.tlp_config_counter[3] (-)
|-- (1)top.u_system_wrapper.u_control_unit.tlp_config_counter[4] (-)
|-- (1)top.u_system_wrapper.u_control_unit.tlp_config_counter[5] (-)
|-- (1)top.u_system_wrapper.u_control_unit.tlp_config_counter[6] (-)
|-- (1)top.u_system_wrapper.u_control_unit.tlp_config_counter[7] (-)
|-- (1)top.u_system_wrapper.u_control_unit.tlp_config_counter[8] (-)
|-- (1)top.u_async_fifo.b_rptr[0] (-)
|-- (1)top.u_async_fifo.b_rptr[1] (-)
|-- (1)top.u_async_fifo.b_rptr[2] (-)
|-- (1)top.u_async_fifo.b_rptr[3] (-)
|-- (1)top.u_async_fifo.g_rptr[0] (-)
|-- (1)top.u_async_fifo.g_rptr[1] (-)
|-- (1)top.u_async_fifo.g_rptr[2] (-)
|-- (1)top.u_async_fifo.g_rptr[3] (-)
|-- (1)top.async_fifo_empty (-)
|-- (1)top.u_async_fifo.g_wptr_sync[0] (-)
|-- (1)top.u_async_fifo.g_wptr_sync[1] (-)
|-- (1)top.u_async_fifo.g_wptr_sync[2] (-)
|-- (1)top.u_async_fifo.g_wptr_sync[3] (-)
|-- (1)top.u_async_fifo.u_sync_wptr.d_in_d0[0] (-)
|-- (1)top.u_async_fifo.u_sync_wptr.d_in_d0[1] (-)
|-- (1)top.u_async_fifo.u_sync_wptr.d_in_d0[2] (-)
`-- (1)top.u_async_fifo.u_sync_wptr.d_in_d0[3] (-)
