
################################################################################
#
# This file has been generated by SpyGlass:
#     Report Name      : waiver
#     Report Created by: ICer
#     Report Created on:  Sat Sep 12 04:43:10 2026
#     Working Directory: /mnt/hgfs/Shared_folder/src/spyglass
#     SpyGlass Version : SpyGlass_vL-2016.06
#     Policy Name      : SpyGlass(SpyGlass_vL-2016.06)
#                        clock-reset(SpyGlass_vL-2016.06)
#
#     Total Number of Generated Messages :         45
#     Number of Waived Messages          :         15
#     Number of Reported Messages        :         30
#     Number of Overlimit Messages       :          0
#
#     Total Number of Waivers                            :          4
#     Number of Waivers Applied                          :          4
#     Number of Waivers with Regex and/or wildcard       :          0
#     Number of Waivers with -rule                       :          4
#     Number of Waivers with line number and/or file info:          0
#     Number of Waive -IP commands                       :          0
#
#
################################################################################

WAIVER REPORT:
+++++++++++++++++++++++++++++++++++++++++++++++++++++++++++++++++++++++++++++++

Design Issues Waiver Report
+++++++++++++++++++++++++++++++++++++++++++++++++++++++++++++++++++++++++++++++

waive -rule "Ac_unsync01" 
#spg_backref : "cdc.sgdc" 28

3 message(s) waived:
===============================================================================
Index    Rule        Severity File                          Line Wt Message
===============================================================================
[7]      Ac_unsync01 Error    ../async_fifo/rptr_handler.sv 34   2  Unsynchronized Crossing: destination flop top.u_async_fifo.u_rptr_handler.o_rptr_handler_empty, clocked by top.i_top_sys_clk, source flop top.u_async_fifo.u_fifo_mem.fifo[7:0][1:0], clocked by top.i_top_cxs_clk. Reason: Gating logic not accepted: gate-type invalid [Total Sources: 1 (Number of source domains: 1)]
[13]     Ac_unsync01 Error    ../system/control_unit.sv     281  2  Unsynchronized Crossing: destination flop top.u_system_wrapper.u_control_unit.cfg_hdr_written, clocked by top.i_top_sys_clk, source flop top.u_async_fifo.u_fifo_mem.fifo[7:0][7:4], clocked by top.i_top_cxs_clk. Reason: Qualifier not found [Total Sources: 2 (Number of source domains: 1)]
[11]     Ac_unsync01 Error    ../system/control_unit.sv     293  2  Unsynchronized Crossing: destination flop top.u_system_wrapper.u_control_unit.linkup_frame_done, clocked by top.i_top_sys_clk, source flop top.u_async_fifo.u_fifo_mem.fifo[7:0][7:4], clocked by top.i_top_cxs_clk. Reason: Qualifier not found [Total Sources: 2 (Number of source domains: 1)]
===============================================================================

waive -rule "Ac_unsync02" 
#spg_backref : "cdc.sgdc" 29

8 message(s) waived:
===============================================================================
Index    Rule        Severity File                          Line Wt Message
===============================================================================
[A]      Ac_unsync02 Error    ../async_fifo/rptr_handler.sv 27   2  Unsynchronized Crossing: destination flop top.u_async_fifo.u_rptr_handler.o_rptr_handler_b_rptr[3:0], clocked by top.i_top_sys_clk, source flop top.u_async_fifo.u_fifo_mem.fifo[7:0][1:0], clocked by top.i_top_cxs_clk. Reason: Qualifier not found [Total Sources: 1 (Number of source domains: 1)]
[9]      Ac_unsync02 Error    ../async_fifo/rptr_handler.sv 28   2  Unsynchronized Crossing: destination flop top.u_async_fifo.u_rptr_handler.o_rptr_handler_g_rptr[3:0], clocked by top.i_top_sys_clk, source flop top.u_async_fifo.u_fifo_mem.fifo[7:0][1:0], clocked by top.i_top_cxs_clk. Reason: Clock domains of destination instance and synchronizer flop do not match [Total Sources: 1 (Number of source domains: 1)]
[18]     Ac_unsync02 Error    ../system/atu.sv              26   2  Unsynchronized Crossing: destination flop top.u_system_wrapper.u_atu.base_addr_reg[7:0], clocked by top.i_top_sys_clk, source flop top.u_async_fifo.u_fifo_mem.fifo[7:0][31:24], clocked by top.i_top_cxs_clk. Reason: Qualifier not found [Total Sources: 2 (Number of source domains: 1)]
[19]     Ac_unsync02 Error    ../system/cdm.sv              43   2  Unsynchronized Crossing: destination flop top.u_system_wrapper.u_cdm.mem[255:0][32:0], clocked by top.i_top_sys_clk, source flop top.u_async_fifo.u_fifo_mem.fifo[7:0][31:0], clocked by top.i_top_cxs_clk. Reason: Qualifier not found [Total Sources: 1 (Number of source domains: 1)]
[D]      Ac_unsync02 Error    ../system/control_unit.sv     263  2  Unsynchronized Crossing: destination flop top.u_system_wrapper.u_control_unit.state[2:0], clocked by top.i_top_sys_clk, source flop top.u_async_fifo.u_fifo_mem.fifo[7:0][7:4], clocked by top.i_top_cxs_clk. Reason: Qualifier not found [Total Sources: 2 (Number of source domains: 1)]
[F]      Ac_unsync02 Error    ../system/control_unit.sv     266  2  Unsynchronized Crossing: destination flop top.u_system_wrapper.u_control_unit.err_code[1:0], clocked by top.i_top_sys_clk, source flop top.u_async_fifo.u_fifo_mem.fifo[7:0][7:4], clocked by top.i_top_cxs_clk. Reason: Qualifier not found [Total Sources: 2 (Number of source domains: 1)]
[16]     Ac_unsync02 Error    ../system/control_unit.sv     273  2  Unsynchronized Crossing: destination flop top.u_system_wrapper.u_control_unit.tlp_word_counter[1:0], clocked by top.i_top_sys_clk, source flop top.u_async_fifo.u_fifo_mem.fifo[7:0][1:0], clocked by top.i_top_cxs_clk. Reason: Qualifier not found [Total Sources: 1 (Number of source domains: 1)]
[15]     Ac_unsync02 Error    ../system/control_unit.sv     285  2  Unsynchronized Crossing: destination flop top.u_system_wrapper.u_control_unit.tlp_config_counter[8:0], clocked by top.i_top_sys_clk, source flop top.u_async_fifo.u_fifo_mem.fifo[7:0][7:4], clocked by top.i_top_cxs_clk. Reason: Qualifier not found [Total Sources: 2 (Number of source domains: 1)]
===============================================================================

waive -rule "Ar_unsync01" 
#spg_backref : "cdc.sgdc" 30

2 message(s) waived:
===============================================================================
Index    Rule        Severity File                          Line Wt Message
===============================================================================
[2E]     Ar_unsync01 Error    ../async_fifo/rptr_handler.sv 27   10 Reset signal 'top.i_top_sys_rst_n' for 'clear' pin of flop 'top.u_async_fifo.u_rptr_handler.o_rptr_handler_b_rptr[0]', clocked by 'top.i_top_sys_clk', is unsynchronized by reason: Missing synchronizer
[2F]     Ar_unsync01 Error    ../cxs_if/flit_fifo.sv        40   10 Reset signal 'top.i_top_cxs_rst_n' for 'clear' pin of flop 'top.u_cxs_if.u_flit_fifo.wptr[0]', clocked by 'top.i_top_cxs_clk', is unsynchronized by reason: Missing synchronizer
===============================================================================

waive -rule "Setup_port01" 
#spg_backref : "cdc.sgdc" 31

2 message(s) waived:
===============================================================================
Index    Rule         Severity File                                                                                     Line Wt Message
===============================================================================
[40]     Setup_port01 Error    ../top.sv                                                                                13   2  Port coverage for top design unit 'top' is: '2' (0.72 %) port(s) not fully constrained
[42]     Setup_port01 Info     ./cdc_prj/top/cdc/cdc_verify_struct/spyglass_reports/clock-reset/top_input_abstract.sgdc 0    2  Abstracted sgdc file for input ports of block 'top' is generated
===============================================================================

