
################################################################################
#
# This file has been generated by SpyGlass:
#     Report Name      : moresimple
#     Report Created by: ICer
#     Report Created on:  Sat Sep 12 00:27:48 2026
#     Working Directory: /mnt/hgfs/Shared_folder/src/spyglass
#     SpyGlass Version : SpyGlass_vL-2016.06
#     Policy Name      : SpyGlass(SpyGlass_vL-2016.06)
#                        clock-reset(SpyGlass_vL-2016.06)
#                        erc(SpyGlass_vL-2016.06)
#                        latch(SpyGlass_vL-2016.06)
#                        lint(SpyGlass_vL-2016.06)
#                        morelint(SpyGlass_vL-2016.06)
#                        openmore(SpyGlass_vL-2016.06)
#                        power_est(SpyGlass_vL-2016.06)
#                        simulation(SpyGlass_vL-2016.06)
#                        starc(SpyGlass_vL-2016.06)
#                        starc2005(SpyGlass_vL-2016.06)
#                        timing(SpyGlass_vL-2016.06)
#                        txv(SpyGlass_vL-2016.06)
#
#     Total Number of Generated Messages :         10
#     Number of Waived Messages          :          0
#     Number of Reported Messages        :         10
#     Number of Overlimit Messages       :          0
#
#
################################################################################

+++++++++++++++++++++++++++++++++++++++++++++++++++++++++++++++++++++++
MORESIMPLE REPORT:


############### BuiltIn -> RuleGroup=Design Read ###############
+++++++++++++++++++++++++++++++++++++++++++++++++++++++++++++++++++++++++++++++++++++++
ID       Rule                    Alias                   Severity    File                                                                   Line    Wt    Message
======================================================================================
[1]      DetectTopDesignUnits    DetectTopDesignUnits    Info        ../top.sv                                                              13      2     Module top is a top level design unit
[0]      ElabSummary             ElabSummary             Info        ./lint/top/lint/lint_rtl/spyglass_reports/SpyGlass/elab_summary.rpt    0       2     Please refer file './lint/top/lint/lint_rtl/spyglass_reports/SpyGlass/elab_summary.rpt' for elab summary report
+++++++++++++++++++++++++++++++++++++++++++++++++++++++++++++++++++++++++++++++++++++++


############### Non-BuiltIn -> Goal=lint/lint_rtl ###############
+++++++++++++++++++++++++++++++++++++++++++++++++++++++++++++++++++++++++++++++++++++++
ID       Rule               Alias                 Severity    File                                                                    Line    Wt    Message
======================================================================================
[C]      FlopEConst                               Warning     ../system/cdm.sv                                                        51      10    Enable pin EN on Flop top.u_system_wrapper.cdm_rdata[32:0] (master RTL_FDCE) is  always disabled (tied low)(connected to top.u_system_wrapper.VSS)
[B]      STARC05-1.3.1.3    AsyncResetOtherUse    Warning     ../async_fifo/synchronizer.sv                                           13      10    Asynchronous reset signal 'top.i_top_sys_rst_n' (flop: 'top.u_async_fifo.g_wptr_sync[0]') used as non-reset/synchronous-reset at instance 'top.u_system_wrapper.u_cdm.\mem_reg[255][0] .EN' (File Name: '../system/cdm.sv' ,Line no.: '37')
[5]      W240                                     Warning     ../async_fifo/fifo_mem.sv                                               8       10    Input 'i_fifo_mem_r_clk' declared but not read.[Hierarchy: ':top:u_async_fifo@asynchronous_fifo:u_fifo_mem@fifo_mem']
[6]      W240                                     Warning     ../async_fifo/fifo_mem.sv                                               9       10    Input 'i_fifo_mem_r_en' declared but not read.[Hierarchy: ':top:u_async_fifo@asynchronous_fifo:u_fifo_mem@fifo_mem']
[7]      W240                                     Warning     ../async_fifo/fifo_mem.sv                                               10      10    Input 'i_fifo_mem_b_wptr[3]' declared but not read.[Hierarchy: ':top:u_async_fifo@asynchronous_fifo:u_fifo_mem@fifo_mem']
[8]      W240                                     Warning     ../async_fifo/fifo_mem.sv                                               11      10    Input 'i_fifo_mem_b_rptr[3]' declared but not read.[Hierarchy: ':top:u_async_fifo@asynchronous_fifo:u_fifo_mem@fifo_mem']
[4]      W240                                     Warning     ../async_fifo/fifo_mem.sv                                               14      10    Input 'i_fifo_mem_empty' declared but not read.[Hierarchy: ':top:u_async_fifo@asynchronous_fifo:u_fifo_mem@fifo_mem']
[3]      W240                                     Info        ./lint/top/lint/lint_rtl/spyglass_reports/lint/SignalUsageReport.rpt    0       10    Please refer to 'SignalUsageReport.rpt' for details of violating bits
+++++++++++++++++++++++++++++++++++++++++++++++++++++++++++++++++++++++++++++++++++++++
