
################################################################################
#
# This file has been generated by SpyGlass:
#     Report Name      : no_msg_reporting_rules
#     Report Created by: ICer
#     Report Created on:  Sat Sep 12 00:27:48 2026
#     Working Directory: /mnt/hgfs/Shared_folder/src/spyglass
#     SpyGlass Version : SpyGlass_vL-2016.06
#     Policy Name      : SpyGlass(SpyGlass_vL-2016.06)
#                        clock-reset(SpyGlass_vL-2016.06)
#                        erc(SpyGlass_vL-2016.06)
#                        latch(SpyGlass_vL-2016.06)
#                        lint(SpyGlass_vL-2016.06)
#                        morelint(SpyGlass_vL-2016.06)
#                        openmore(SpyGlass_vL-2016.06)
#                        power_est(SpyGlass_vL-2016.06)
#                        simulation(SpyGlass_vL-2016.06)
#                        starc(SpyGlass_vL-2016.06)
#                        starc2005(SpyGlass_vL-2016.06)
#                        timing(SpyGlass_vL-2016.06)
#                        txv(SpyGlass_vL-2016.06)
#
#     Total Number of Generated Messages :         10
#     Number of Waived Messages          :          0
#     Number of Reported Messages        :         10
#     Number of Overlimit Messages       :          0
#
#
################################################################################

NO VIOLATION RULE REPORT :
++++++++++++++++++++++++++++++++++++++++++++++++++++++++++++++++++++++++++++++++

Following rules did not produce any violation or waived off during spyglass run

++++++++++++++++++++++++++++++++++++++++++++++++++++++++++++++++++++++++++++++++


================================================================================
	INDEX                                   RULE-NAME
================================================================================
	1                                  BlockHeader
	2                                  BufClock
	3                                  CheckDelayTimescale-ML
	4                                  CombLoop
	5                                  DuplicateCaseLabel-ML
	6                                  LatchFeedback
	7                                  NoAssignX-ML
	8                                  NoXInCase-ML
	9                                  ParamWidthMismatch-ML
	10                                 STARC05-1.2.1.2
	11                                 STARC05-2.1.3.1
	12                                 STARC05-2.1.4.5
	13                                 STARC05-2.1.5.3
	14                                 STARC05-2.1.6.5
	15                                 STARC05-2.10.2.3
	16                                 STARC05-2.11.3.1
	17                                 STARC05-2.2.3.3
	18                                 STARC05-2.3.1.2c
	19                                 STARC05-2.3.1.5b
	20                                 STARC05-2.3.1.6
	21                                 STARC05-2.3.4.1v
	22                                 STARC05-2.4.1.5
	23                                 STARC05-2.5.1.2
	24                                 STARC05-2.5.1.7
	25                                 STARC05-2.5.1.9
	26                                 UndrivenInTerm-ML
	27                                 W110
	28                                 W110a
	29                                 W116
	30                                 W122
	31                                 W123
	32                                 W19
	33                                 W215
	34                                 W216
	35                                 W218
	36                                 W263
	37                                 W289
	38                                 W292
	39                                 W293
	40                                 W317
	41                                 W336
	42                                 W337
	43                                 W352
	44                                 W362
	45                                 W392
	46                                 W398
	47                                 W414
	48                                 W415
	49                                 W416
	50                                 W421
	51                                 W422
	52                                 W424
	53                                 W426
	54                                 W442a
	55                                 W442b
	56                                 W442c
	57                                 W442f
	58                                 W450L
	59                                 W467
	60                                 W480
	61                                 W481a
	62                                 W481b
	63                                 W486
	64                                 W496a
	65                                 W496b
	66                                 W499
	67                                 W502
	68                                 W505
	69                                 W66
	70                                 W71
	71                                 badimplicitSM1
	72                                 badimplicitSM2
	73                                 badimplicitSM4
	74                                 bothedges
	75                                 sim_race02
================================================================================
