
                           Design Compiler Graphical 
                                 DC Ultra (TM)
                                  DFTMAX (TM)
                              Power Compiler (TM)
                                 DesignWare (R)
                                 DC Expert (TM)
                               Design Vision (TM)
                               HDL Compiler (TM)
                               VHDL Compiler (TM)
                                  DFT Compiler
                               Design Compiler(R)

               Version O-2018.06-SP1 for linux64 - Jul 19, 2018 

                    Copyright (c) 1988 - 2018 Synopsys, Inc.
   This software and the associated documentation are proprietary to Synopsys,
 Inc. This software may only be used in accordance with the terms and conditions
 of a written license agreement with Synopsys, Inc. All other use, reproduction,
            or distribution of this software is strictly prohibited.
Initializing...
Initializing gui preferences from file  /home/ICer/.synopsys_dv_prefs.tcl
#===============================================================================
# Synopsys Design Compiler - Synthesis Script
# Design: top (CXS Bridge Encryption and Data Management System)
# Clocks: CXS = 37 MHz (27.027 ns), System = 25 MHz (40.0 ns)
#===============================================================================
#---------------------------------------------------------------
# 1. Setup: SAED 90nm Technology Library
#---------------------------------------------------------------
set LIB_PATH  "/home/ICer/saed90nm/synopsys/models"
/home/ICer/saed90nm/synopsys/models
set LIB_NAME  "saed90nm_typ.db"
saed90nm_typ.db
set search_path     [concat $search_path $LIB_PATH]
. /home/synopsys/syn/O-2018.06-SP1/libraries/syn /home/synopsys/syn/O-2018.06-SP1/minpower/syn /home/synopsys/syn/O-2018.06-SP1/dw/syn_ver /home/synopsys/syn/O-2018.06-SP1/dw/sim_ver /home/ICer/saed90nm/synopsys/models
set target_library  $LIB_NAME
saed90nm_typ.db
set link_library    [list * $LIB_NAME]
* saed90nm_typ.db
#---------------------------------------------------------------
# 2. Read RTL source files
#---------------------------------------------------------------
set RTL_DIR "../src"
../src
# Async FIFO
analyze -format sverilog [list   $RTL_DIR/async_fifo/synchronizer.sv       $RTL_DIR/async_fifo/fifo_mem.sv           $RTL_DIR/async_fifo/rptr_handler.sv       $RTL_DIR/async_fifo/wptr_handler.sv       $RTL_DIR/async_fifo/asynchronous_fifo.sv ]
Running PRESTO HDLC
Compiling source file ../src/async_fifo/synchronizer.sv
Compiling source file ../src/async_fifo/fifo_mem.sv
Compiling source file ../src/async_fifo/rptr_handler.sv
Compiling source file ../src/async_fifo/wptr_handler.sv
Compiling source file ../src/async_fifo/asynchronous_fifo.sv
Warning:  ../src/async_fifo/asynchronous_fifo.sv:17: Parameter keyword used in local parameter declaration. (VER-329)
Presto compilation completed successfully.
Loading db file '/home/ICer/saed90nm/synopsys/models/saed90nm_typ.db'
1
# CXS Interface
analyze -format sverilog [list   $RTL_DIR/cxs_if/credit_manager.sv      $RTL_DIR/cxs_if/flit_fifo.sv           $RTL_DIR/cxs_if/rx_interface.sv        $RTL_DIR/cxs_if/tx_interface.sv        $RTL_DIR/cxs_if/packet_formatter.sv    $RTL_DIR/cxs_if/packet_encoder.sv      $RTL_DIR/cxs_if/cxs_if.sv           ]
Running PRESTO HDLC
Compiling source file ../src/cxs_if/credit_manager.sv
Compiling source file ../src/cxs_if/flit_fifo.sv
Compiling source file ../src/cxs_if/rx_interface.sv
Compiling source file ../src/cxs_if/tx_interface.sv
Compiling source file ../src/cxs_if/packet_formatter.sv
Compiling source file ../src/cxs_if/packet_encoder.sv
Compiling source file ../src/cxs_if/cxs_if.sv
Presto compilation completed successfully.
1
# System
analyze -format sverilog [list   $RTL_DIR/system/parity_unit.sv          $RTL_DIR/system/encryption_unit.sv      $RTL_DIR/system/atu.sv                 $RTL_DIR/system/cdm.sv                 $RTL_DIR/system/control_unit.sv        $RTL_DIR/system/system_wrapper.sv    ]
Running PRESTO HDLC
Compiling source file ../src/system/parity_unit.sv
Compiling source file ../src/system/encryption_unit.sv
Compiling source file ../src/system/atu.sv
Compiling source file ../src/system/cdm.sv
Compiling source file ../src/system/control_unit.sv
Compiling source file ../src/system/system_wrapper.sv
Presto compilation completed successfully.
1
# Top
analyze -format sverilog $RTL_DIR/top.sv
Running PRESTO HDLC
Compiling source file ../src/top.sv
Presto compilation completed successfully.
1
elaborate top
Loading db file '/home/synopsys/syn/O-2018.06-SP1/libraries/syn/gtech.db'
Loading db file '/home/synopsys/syn/O-2018.06-SP1/libraries/syn/standard.sldb'
  Loading link library 'saed90nm_typ'
  Loading link library 'gtech'
Running PRESTO HDLC

Inferred memory devices in process
	in routine top line 125 in file
		'../src/top.sv'.
===============================================================================
|    Register Name    |   Type    | Width | Bus | MB | AR | AS | SR | SS | ST |
===============================================================================
|   err_toggle_reg    | Flip-flop |   1   |  N  | N  | Y  | N  | N  | N  | N  |
===============================================================================

Inferred memory devices in process
	in routine top line 145 in file
		'../src/top.sv'.
==================================================================================
|     Register Name      |   Type    | Width | Bus | MB | AR | AS | SR | SS | ST |
==================================================================================
| err_toggle_sync_d0_reg | Flip-flop |   1   |  N  | N  | Y  | N  | N  | N  | N  |
==================================================================================
Presto compilation completed successfully.
Elaborated 1 design.
Current design is now 'top'.
Information: Building the design 'cxs_if' instantiated from design 'top' with
	the parameters "CXS_DATA_WIDTH=256,CXS_CNTL_WIDTH=14,FLIT_WIDTH=270,FLIT_FIFO_DEPTH=16,WORD_WIDTH=32". (HDL-193)
Presto compilation completed successfully.
Information: Building the design 'asynchronous_fifo' instantiated from design 'top' with
	the parameters "DEPTH=8,DATA_WIDTH=32". (HDL-193)
Presto compilation completed successfully.
Information: Building the design 'synchronizer' instantiated from design 'top' with
	the parameters "WIDTH=0". (HDL-193)

Inferred memory devices in process
	in routine synchronizer_WIDTH0 line 12 in file
		'../src/async_fifo/synchronizer.sv'.
====================================================================================
|      Register Name       |   Type    | Width | Bus | MB | AR | AS | SR | SS | ST |
====================================================================================
| o_synchronizer_d_out_reg | Flip-flop |   1   |  N  | N  | Y  | N  | N  | N  | N  |
|       d_in_d0_reg        | Flip-flop |   1   |  N  | N  | Y  | N  | N  | N  | N  |
====================================================================================
Presto compilation completed successfully.
Information: Building the design 'system_wrapper' instantiated from design 'top' with
	the parameters "ADDR_WIDTH=8,DATA_WIDTH=16,DEV_MAX=8". (HDL-193)
Presto compilation completed successfully.
Information: Building the design 'rx_interface' instantiated from design 'cxs_if_CXS_DATA_WIDTH256_CXS_CNTL_WIDTH14_FLIT_WIDTH270_FLIT_FIFO_DEPTH16_WORD_WIDTH32' with
	the parameters "CXS_DATA_WIDTH=256,CXS_CNTL_WIDTH=14,FLIT_WIDTH=270". (HDL-193)
Presto compilation completed successfully.
Information: Building the design 'flit_fifo' instantiated from design 'cxs_if_CXS_DATA_WIDTH256_CXS_CNTL_WIDTH14_FLIT_WIDTH270_FLIT_FIFO_DEPTH16_WORD_WIDTH32' with
	the parameters "DEPTH=16,DATA_WIDTH=270". (HDL-193)

Inferred memory devices in process
	in routine flit_fifo_DEPTH16_DATA_WIDTH270 line 29 in file
		'../src/cxs_if/flit_fifo.sv'.
===============================================================================
|    Register Name    |   Type    | Width | Bus | MB | AR | AS | SR | SS | ST |
===============================================================================
|       mem_reg       | Flip-flop | 4320  |  Y  | N  | N  | N  | N  | N  | N  |
===============================================================================

Inferred memory devices in process
	in routine flit_fifo_DEPTH16_DATA_WIDTH270 line 34 in file
		'../src/cxs_if/flit_fifo.sv'.
===============================================================================
|    Register Name    |   Type    | Width | Bus | MB | AR | AS | SR | SS | ST |
===============================================================================
|      rptr_reg       | Flip-flop |   5   |  Y  | N  | Y  | N  | N  | N  | N  |
|      wptr_reg       | Flip-flop |   5   |  Y  | N  | Y  | N  | N  | N  | N  |
===============================================================================

Inferred memory devices in process
	in routine flit_fifo_DEPTH16_DATA_WIDTH270 line 45 in file
		'../src/cxs_if/flit_fifo.sv'.
=================================================================================
|     Register Name     |   Type    | Width | Bus | MB | AR | AS | SR | SS | ST |
=================================================================================
| o_flit_fifo_rdata_reg | Flip-flop |  270  |  Y  | N  | Y  | N  | N  | N  | N  |
=================================================================================
Statistics for MUX_OPs
========================================================================
|          block name/line           | Inputs | Outputs | # sel inputs |
========================================================================
| flit_fifo_DEPTH16_DATA_WIDTH270/49 |   16   |   270   |      4       |
========================================================================
Presto compilation completed successfully.
Information: Building the design 'credit_manager' instantiated from design 'cxs_if_CXS_DATA_WIDTH256_CXS_CNTL_WIDTH14_FLIT_WIDTH270_FLIT_FIFO_DEPTH16_WORD_WIDTH32' with
	the parameters "DEPTH=16". (HDL-193)
Warning:  ../src/cxs_if/credit_manager.sv:25: signed to unsigned assignment occurs. (VER-318)

Inferred memory devices in process
	in routine credit_manager_DEPTH16 line 23 in file
		'../src/cxs_if/credit_manager.sv'.
==============================================================================================
|           Register Name            |   Type    | Width | Bus | MB | AR | AS | SR | SS | ST |
==============================================================================================
| o_credit_manager_cxs_rx_crdgnt_reg | Flip-flop |   1   |  N  | N  | Y  | N  | N  | N  | N  |
|         credit_counter_reg         | Flip-flop |   1   |  N  | N  | N  | Y  | N  | N  | N  |
|         credit_counter_reg         | Flip-flop |   4   |  Y  | N  | Y  | N  | N  | N  | N  |
==============================================================================================
Presto compilation completed successfully.
Information: Building the design 'packet_formatter' instantiated from design 'cxs_if_CXS_DATA_WIDTH256_CXS_CNTL_WIDTH14_FLIT_WIDTH270_FLIT_FIFO_DEPTH16_WORD_WIDTH32' with
	the parameters "CXS_DATA_WIDTH=256,CXS_CNTL_WIDTH=14,FLIT_WIDTH=270,WORD_WIDTH=32". (HDL-193)
Warning:  ../src/cxs_if/packet_formatter.sv:80: signed to unsigned conversion occurs. (VER-318)
Warning:  ../src/cxs_if/packet_formatter.sv:118: signed to unsigned conversion occurs. (VER-318)

Statistics for case statements in always block at line 91 in file
	'../src/cxs_if/packet_formatter.sv'
===============================================
|           Line           |  full/ parallel  |
===============================================
|            97            |    auto/auto     |
===============================================

Inferred memory devices in process
	in routine packet_formatter_CXS_DATA_WIDTH256_CXS_CNTL_WIDTH14_WORD_WIDTH32_FLIT_WIDTH270 line 141 in file
		'../src/cxs_if/packet_formatter.sv'.
=================================================================================
|     Register Name     |   Type    | Width | Bus | MB | AR | AS | SR | SS | ST |
=================================================================================
|    word_count_reg     | Flip-flop |   3   |  Y  | N  | Y  | N  | N  | N  | N  |
|   current_state_reg   | Flip-flop |   2   |  Y  | N  | Y  | N  | N  | N  | N  |
| current_flit_data_reg | Flip-flop |  256  |  Y  | N  | Y  | N  | N  | N  | N  |
|     cxs_ctrl_reg      | Flip-flop |  12   |  Y  | N  | Y  | N  | N  | N  | N  |
=================================================================================
Presto compilation completed successfully.
Information: Building the design 'packet_encoder' instantiated from design 'cxs_if_CXS_DATA_WIDTH256_CXS_CNTL_WIDTH14_FLIT_WIDTH270_FLIT_FIFO_DEPTH16_WORD_WIDTH32' with
	the parameters "CXS_DATA_WIDTH=256,CXS_CNTL_WIDTH=14". (HDL-193)

Inferred memory devices in process
	in routine packet_encoder_CXS_DATA_WIDTH256_CXS_CNTL_WIDTH14 line 45 in file
		'../src/cxs_if/packet_encoder.sv'.
===========================================================================================
|          Register Name          |   Type    | Width | Bus | MB | AR | AS | SR | SS | ST |
===========================================================================================
| o_packet_encoder_flit_valid_reg | Flip-flop |   1   |  N  | N  | Y  | N  | N  | N  | N  |
|     error_valid_sync_d0_reg     | Flip-flop |   1   |  N  | N  | Y  | N  | N  | N  | N  |
|  o_packet_encoder_flit_tx_reg   | Flip-flop |  256  |  Y  | N  | Y  | N  | N  | N  | N  |
| o_packet_encoder_flit_cntrl_reg | Flip-flop |  14   |  Y  | N  | Y  | N  | N  | N  | N  |
===========================================================================================
Presto compilation completed successfully.
Information: Building the design 'tx_interface' instantiated from design 'cxs_if_CXS_DATA_WIDTH256_CXS_CNTL_WIDTH14_FLIT_WIDTH270_FLIT_FIFO_DEPTH16_WORD_WIDTH32' with
	the parameters "CXS_DATA_WIDTH=256,CXS_CNTL_WIDTH=14,FLIT_WIDTH=270,MAX_CREDITS=16". (HDL-193)
Warning:  ../src/cxs_if/tx_interface.sv:49: signed to unsigned conversion occurs. (VER-318)

Inferred memory devices in process
	in routine tx_interface_CXS_DATA_WIDTH256_CXS_CNTL_WIDTH14_FLIT_WIDTH270_MAX_CREDITS16 line 36 in file
		'../src/cxs_if/tx_interface.sv'.
===========================================================================================
|          Register Name          |   Type    | Width | Bus | MB | AR | AS | SR | SS | ST |
===========================================================================================
| o_tx_interface_cxs_tx_cntl_reg  | Flip-flop |  14   |  Y  | N  | Y  | N  | N  | N  | N  |
|       credit_counter_reg        | Flip-flop |   5   |  Y  | N  | Y  | N  | N  | N  | N  |
|          flit_reg_reg           | Flip-flop |  270  |  Y  | N  | Y  | N  | N  | N  | N  |
|        flit_pending_reg         | Flip-flop |   1   |  N  | N  | Y  | N  | N  | N  | N  |
| o_tx_interface_cxs_tx_valid_reg | Flip-flop |   1   |  N  | N  | Y  | N  | N  | N  | N  |
| o_tx_interface_cxs_tx_data_reg  | Flip-flop |  256  |  Y  | N  | Y  | N  | N  | N  | N  |
===========================================================================================
Presto compilation completed successfully.
Information: Building the design 'synchronizer' instantiated from design 'asynchronous_fifo_DEPTH8_DATA_WIDTH32' with
	the parameters "WIDTH=3". (HDL-193)

Inferred memory devices in process
	in routine synchronizer_WIDTH3 line 12 in file
		'../src/async_fifo/synchronizer.sv'.
====================================================================================
|      Register Name       |   Type    | Width | Bus | MB | AR | AS | SR | SS | ST |
====================================================================================
| o_synchronizer_d_out_reg | Flip-flop |   4   |  Y  | N  | Y  | N  | N  | N  | N  |
|       d_in_d0_reg        | Flip-flop |   4   |  Y  | N  | Y  | N  | N  | N  | N  |
====================================================================================
Presto compilation completed successfully.
Information: Building the design 'wptr_handler' instantiated from design 'asynchronous_fifo_DEPTH8_DATA_WIDTH32' with
	the parameters "PTR_WIDTH=3". (HDL-193)

Inferred memory devices in process
	in routine wptr_handler_PTR_WIDTH3 line 22 in file
		'../src/async_fifo/wptr_handler.sv'.
=====================================================================================
|       Register Name       |   Type    | Width | Bus | MB | AR | AS | SR | SS | ST |
=====================================================================================
| o_wptr_handler_g_wptr_reg | Flip-flop |   4   |  Y  | N  | Y  | N  | N  | N  | N  |
| o_wptr_handler_b_wptr_reg | Flip-flop |   4   |  Y  | N  | Y  | N  | N  | N  | N  |
=====================================================================================

Inferred memory devices in process
	in routine wptr_handler_PTR_WIDTH3 line 33 in file
		'../src/async_fifo/wptr_handler.sv'.
===================================================================================
|      Register Name      |   Type    | Width | Bus | MB | AR | AS | SR | SS | ST |
===================================================================================
| o_wptr_handler_full_reg | Flip-flop |   1   |  N  | N  | Y  | N  | N  | N  | N  |
===================================================================================
Presto compilation completed successfully.
Information: Building the design 'rptr_handler' instantiated from design 'asynchronous_fifo_DEPTH8_DATA_WIDTH32' with
	the parameters "PTR_WIDTH=3". (HDL-193)

Inferred memory devices in process
	in routine rptr_handler_PTR_WIDTH3 line 21 in file
		'../src/async_fifo/rptr_handler.sv'.
=====================================================================================
|       Register Name       |   Type    | Width | Bus | MB | AR | AS | SR | SS | ST |
=====================================================================================
| o_rptr_handler_g_rptr_reg | Flip-flop |   4   |  Y  | N  | Y  | N  | N  | N  | N  |
| o_rptr_handler_b_rptr_reg | Flip-flop |   4   |  Y  | N  | Y  | N  | N  | N  | N  |
=====================================================================================

Inferred memory devices in process
	in routine rptr_handler_PTR_WIDTH3 line 32 in file
		'../src/async_fifo/rptr_handler.sv'.
====================================================================================
|      Register Name       |   Type    | Width | Bus | MB | AR | AS | SR | SS | ST |
====================================================================================
| o_rptr_handler_empty_reg | Flip-flop |   1   |  N  | N  | N  | Y  | N  | N  | N  |
====================================================================================
Presto compilation completed successfully.
Information: Building the design 'fifo_mem' instantiated from design 'asynchronous_fifo_DEPTH8_DATA_WIDTH32' with
	the parameters "DEPTH=8,DATA_WIDTH=32,PTR_WIDTH=3". (HDL-193)

Inferred memory devices in process
	in routine fifo_mem_DEPTH8_DATA_WIDTH32_PTR_WIDTH3 line 20 in file
		'../src/async_fifo/fifo_mem.sv'.
===============================================================================
|    Register Name    |   Type    | Width | Bus | MB | AR | AS | SR | SS | ST |
===============================================================================
|      fifo_reg       | Flip-flop |  256  |  Y  | N  | N  | N  | N  | N  | N  |
===============================================================================
Statistics for MUX_OPs
================================================================================
|              block name/line               | Inputs | Outputs | # sel inputs |
================================================================================
| fifo_mem_DEPTH8_DATA_WIDTH32_PTR_WIDTH3/32 |   8    |   32    |      3       |
================================================================================
Presto compilation completed successfully.
Information: Building the design 'control_unit' instantiated from design 'system_wrapper_ADDR_WIDTH8_DATA_WIDTH16_DEV_MAX8' with
	the parameters "ADDR_WIDTH=8,DATA_WIDTH=16". (HDL-193)
Warning:  ../src/system/control_unit.sv:273: signed to unsigned conversion occurs. (VER-318)

Statistics for case statements in always block at line 95 in file
	'../src/system/control_unit.sv'
===============================================
|           Line           |  full/ parallel  |
===============================================
|           112            |    auto/auto     |
|           218            |    auto/auto     |
===============================================

Inferred memory devices in process
	in routine control_unit_ADDR_WIDTH8_DATA_WIDTH16 line 253 in file
		'../src/system/control_unit.sv'.
==================================================================================
|     Register Name      |   Type    | Width | Bus | MB | AR | AS | SR | SS | ST |
==================================================================================
|      err_code_reg      | Flip-flop |   2   |  Y  | N  | Y  | N  | N  | N  | N  |
|       state_reg        | Flip-flop |   3   |  Y  | N  | Y  | N  | N  | N  | N  |
|  tlp_word_counter_reg  | Flip-flop |   2   |  Y  | N  | Y  | N  | N  | N  | N  |
| tlp_config_counter_reg | Flip-flop |   9   |  Y  | N  | Y  | N  | N  | N  | N  |
|  cfg_hdr_written_reg   | Flip-flop |   1   |  N  | N  | Y  | N  | N  | N  | N  |
| linkup_frame_done_reg  | Flip-flop |   1   |  N  | N  | Y  | N  | N  | N  | N  |
==================================================================================
Presto compilation completed successfully.
Information: Building the design 'atu' instantiated from design 'system_wrapper_ADDR_WIDTH8_DATA_WIDTH16_DEV_MAX8' with
	the parameters "ADDR_WIDTH=8". (HDL-193)
Warning:  ../src/system/atu.sv:35: DEFAULT branch of CASE statement cannot be reached. (ELAB-311)

Statistics for case statements in always block at line 30 in file
	'../src/system/atu.sv'
===============================================
|           Line           |  full/ parallel  |
===============================================
|            35            |    auto/auto     |
===============================================

Inferred memory devices in process
	in routine atu_ADDR_WIDTH8 line 22 in file
		'../src/system/atu.sv'.
===============================================================================
|    Register Name    |   Type    | Width | Bus | MB | AR | AS | SR | SS | ST |
===============================================================================
|  base_addr_reg_reg  | Flip-flop |   8   |  Y  | N  | Y  | N  | N  | N  | N  |
===============================================================================
Presto compilation completed successfully.
Information: Building the design 'encryption_unit' instantiated from design 'system_wrapper_ADDR_WIDTH8_DATA_WIDTH16_DEV_MAX8' with
	the parameters "DATA_WIDTH=16". (HDL-193)
Warning:  ../src/system/encryption_unit.sv:33: signed to unsigned conversion occurs. (VER-318)
Presto compilation completed successfully.
Information: Building the design 'parity_unit' instantiated from design 'system_wrapper_ADDR_WIDTH8_DATA_WIDTH16_DEV_MAX8' with
	the parameters "ENC_DATA_WIDTH=32". (HDL-193)
Warning:  ../src/system/parity_unit.sv:18: DEFAULT branch of CASE statement cannot be reached. (ELAB-311)

Statistics for case statements in always block at line 17 in file
	'../src/system/parity_unit.sv'
===============================================
|           Line           |  full/ parallel  |
===============================================
|            18            |    auto/auto     |
===============================================
Presto compilation completed successfully.
Information: Building the design 'cdm' instantiated from design 'system_wrapper_ADDR_WIDTH8_DATA_WIDTH16_DEV_MAX8' with
	the parameters "ADDR_WIDTH=8,DATA_WIDTH=16,DEV_MAX=8". (HDL-193)
Warning:  ../src/system/cdm.sv:40: signed to unsigned conversion occurs. (VER-318)

Inferred memory devices in process
	in routine cdm_ADDR_WIDTH8_DATA_WIDTH16_DEV_MAX8 line 36 in file
		'../src/system/cdm.sv'.
===============================================================================
|    Register Name    |   Type    | Width | Bus | MB | AR | AS | SR | SS | ST |
===============================================================================
|       mem_reg       | Flip-flop |  297  |  Y  | N  | Y  | N  | N  | N  | N  |
|       mem_reg       | Flip-flop | 8151  |  Y  | N  | N  | N  | N  | N  | N  |
===============================================================================

Inferred memory devices in process
	in routine cdm_ADDR_WIDTH8_DATA_WIDTH16_DEV_MAX8 line 47 in file
		'../src/system/cdm.sv'.
===============================================================================
|    Register Name    |   Type    | Width | Bus | MB | AR | AS | SR | SS | ST |
===============================================================================
|   o_cdm_rdata_reg   | Flip-flop |  33   |  Y  | N  | Y  | N  | N  | N  | N  |
===============================================================================
Statistics for MUX_OPs
==============================================================================
|             block name/line              | Inputs | Outputs | # sel inputs |
==============================================================================
| cdm_ADDR_WIDTH8_DATA_WIDTH16_DEV_MAX8/51 |  256   |   33    |      8       |
==============================================================================
Presto compilation completed successfully.
1
current_design top
Current design is 'top'.
{top}
link

  Linking design 'top'
  Using the following designs and libraries:
  --------------------------------------------------------------------------
  * (20 designs)              /mnt/hgfs/Shared_folder/synth/top.db, etc
  saed90nm_typ (library)      /home/ICer/saed90nm/synopsys/models/saed90nm_typ.db

1
#---------------------------------------------------------------
# 3. Clock Constraints
#---------------------------------------------------------------
# CXS clock: 37 MHz => period = 1000/37 = 27.027 ns
create_clock -name CLK_CXS -period 27.027 [get_ports i_top_cxs_clk]
1
# System clock: 25 MHz => period = 1000/25 = 40.0 ns
create_clock -name CLK_SYS -period 40.0   [get_ports i_top_sys_clk]
1
# Tell DC the two clocks are asynchronous (no timing between domains)
set_clock_groups -asynchronous   -group [get_clocks CLK_CXS]   -group [get_clocks CLK_SYS]
1
#---------------------------------------------------------------
# 4. Compile
#---------------------------------------------------------------
compile
Information: Evaluating DesignWare library utilization. (UISN-27)

============================================================================
| DesignWare Building Block Library  |         Version         | Available |
============================================================================
| Basic DW Building Blocks           | O-2018.06-DWBB_201806.1 |     *     |
| Licensed DW Building Blocks        |                         |           |
============================================================================


Information: There are 365 potential problems in your design. Please run 'check_design' for more information. (LINT-99)



  Beginning Pass 1 Mapping
  ------------------------
  Processing 'cdm_ADDR_WIDTH8_DATA_WIDTH16_DEV_MAX8'
  Processing 'parity_unit_ENC_DATA_WIDTH32'
  Processing 'encryption_unit_DATA_WIDTH16'
  Processing 'atu_ADDR_WIDTH8'
  Processing 'control_unit_ADDR_WIDTH8_DATA_WIDTH16'
  Processing 'system_wrapper_ADDR_WIDTH8_DATA_WIDTH16_DEV_MAX8'
  Processing 'synchronizer_WIDTH0'
  Processing 'fifo_mem_DEPTH8_DATA_WIDTH32_PTR_WIDTH3'
  Processing 'rptr_handler_PTR_WIDTH3'
  Processing 'wptr_handler_PTR_WIDTH3'
  Processing 'synchronizer_WIDTH3_0'
  Processing 'asynchronous_fifo_DEPTH8_DATA_WIDTH32'
  Processing 'tx_interface_CXS_DATA_WIDTH256_CXS_CNTL_WIDTH14_FLIT_WIDTH270_MAX_CREDITS16'
  Processing 'packet_encoder_CXS_DATA_WIDTH256_CXS_CNTL_WIDTH14'
Information: The register 'o_packet_encoder_flit_tx_reg[255]' is a constant and will be removed. (OPT-1206)
Information: The register 'o_packet_encoder_flit_tx_reg[254]' is a constant and will be removed. (OPT-1206)
Information: The register 'o_packet_encoder_flit_tx_reg[253]' is a constant and will be removed. (OPT-1206)
Information: The register 'o_packet_encoder_flit_tx_reg[252]' is a constant and will be removed. (OPT-1206)
Information: The register 'o_packet_encoder_flit_tx_reg[251]' is a constant and will be removed. (OPT-1206)
Information: The register 'o_packet_encoder_flit_tx_reg[250]' is a constant and will be removed. (OPT-1206)
Information: The register 'o_packet_encoder_flit_tx_reg[249]' is a constant and will be removed. (OPT-1206)
Information: The register 'o_packet_encoder_flit_tx_reg[248]' is a constant and will be removed. (OPT-1206)
Information: The register 'o_packet_encoder_flit_tx_reg[247]' is a constant and will be removed. (OPT-1206)
Information: The register 'o_packet_encoder_flit_tx_reg[246]' is a constant and will be removed. (OPT-1206)
Information: The register 'o_packet_encoder_flit_tx_reg[245]' is a constant and will be removed. (OPT-1206)
Information: The register 'o_packet_encoder_flit_tx_reg[244]' is a constant and will be removed. (OPT-1206)
Information: The register 'o_packet_encoder_flit_tx_reg[243]' is a constant and will be removed. (OPT-1206)
Information: The register 'o_packet_encoder_flit_tx_reg[242]' is a constant and will be removed. (OPT-1206)
Information: The register 'o_packet_encoder_flit_tx_reg[241]' is a constant and will be removed. (OPT-1206)
Information: The register 'o_packet_encoder_flit_tx_reg[240]' is a constant and will be removed. (OPT-1206)
Information: The register 'o_packet_encoder_flit_tx_reg[239]' is a constant and will be removed. (OPT-1206)
Information: The register 'o_packet_encoder_flit_tx_reg[238]' is a constant and will be removed. (OPT-1206)
Information: The register 'o_packet_encoder_flit_tx_reg[237]' is a constant and will be removed. (OPT-1206)
Information: The register 'o_packet_encoder_flit_tx_reg[236]' is a constant and will be removed. (OPT-1206)
Information: The register 'o_packet_encoder_flit_tx_reg[235]' is a constant and will be removed. (OPT-1206)
Information: The register 'o_packet_encoder_flit_tx_reg[234]' is a constant and will be removed. (OPT-1206)
Information: The register 'o_packet_encoder_flit_tx_reg[233]' is a constant and will be removed. (OPT-1206)
Information: The register 'o_packet_encoder_flit_tx_reg[232]' is a constant and will be removed. (OPT-1206)
Information: The register 'o_packet_encoder_flit_tx_reg[231]' is a constant and will be removed. (OPT-1206)
Information: The register 'o_packet_encoder_flit_tx_reg[230]' is a constant and will be removed. (OPT-1206)
Information: The register 'o_packet_encoder_flit_tx_reg[229]' is a constant and will be removed. (OPT-1206)
Information: The register 'o_packet_encoder_flit_tx_reg[228]' is a constant and will be removed. (OPT-1206)
Information: The register 'o_packet_encoder_flit_tx_reg[227]' is a constant and will be removed. (OPT-1206)
Information: The register 'o_packet_encoder_flit_tx_reg[226]' is a constant and will be removed. (OPT-1206)
Information: The register 'o_packet_encoder_flit_tx_reg[225]' is a constant and will be removed. (OPT-1206)
Information: The register 'o_packet_encoder_flit_tx_reg[224]' is a constant and will be removed. (OPT-1206)
Information: The register 'o_packet_encoder_flit_tx_reg[223]' is a constant and will be removed. (OPT-1206)
Information: The register 'o_packet_encoder_flit_tx_reg[222]' is a constant and will be removed. (OPT-1206)
Information: The register 'o_packet_encoder_flit_tx_reg[221]' is a constant and will be removed. (OPT-1206)
Information: The register 'o_packet_encoder_flit_tx_reg[220]' is a constant and will be removed. (OPT-1206)
Information: The register 'o_packet_encoder_flit_tx_reg[219]' is a constant and will be removed. (OPT-1206)
Information: The register 'o_packet_encoder_flit_tx_reg[218]' is a constant and will be removed. (OPT-1206)
Information: The register 'o_packet_encoder_flit_tx_reg[217]' is a constant and will be removed. (OPT-1206)
Information: The register 'o_packet_encoder_flit_tx_reg[216]' is a constant and will be removed. (OPT-1206)
Information: The register 'o_packet_encoder_flit_tx_reg[215]' is a constant and will be removed. (OPT-1206)
Information: The register 'o_packet_encoder_flit_tx_reg[214]' is a constant and will be removed. (OPT-1206)
Information: The register 'o_packet_encoder_flit_tx_reg[213]' is a constant and will be removed. (OPT-1206)
Information: The register 'o_packet_encoder_flit_tx_reg[212]' is a constant and will be removed. (OPT-1206)
Information: The register 'o_packet_encoder_flit_tx_reg[211]' is a constant and will be removed. (OPT-1206)
Information: The register 'o_packet_encoder_flit_tx_reg[210]' is a constant and will be removed. (OPT-1206)
Information: The register 'o_packet_encoder_flit_tx_reg[209]' is a constant and will be removed. (OPT-1206)
Information: The register 'o_packet_encoder_flit_tx_reg[208]' is a constant and will be removed. (OPT-1206)
Information: The register 'o_packet_encoder_flit_tx_reg[207]' is a constant and will be removed. (OPT-1206)
Information: The register 'o_packet_encoder_flit_tx_reg[206]' is a constant and will be removed. (OPT-1206)
Information: The register 'o_packet_encoder_flit_tx_reg[205]' is a constant and will be removed. (OPT-1206)
Information: The register 'o_packet_encoder_flit_tx_reg[204]' is a constant and will be removed. (OPT-1206)
Information: The register 'o_packet_encoder_flit_tx_reg[203]' is a constant and will be removed. (OPT-1206)
Information: The register 'o_packet_encoder_flit_tx_reg[202]' is a constant and will be removed. (OPT-1206)
Information: The register 'o_packet_encoder_flit_tx_reg[201]' is a constant and will be removed. (OPT-1206)
Information: The register 'o_packet_encoder_flit_tx_reg[200]' is a constant and will be removed. (OPT-1206)
Information: The register 'o_packet_encoder_flit_tx_reg[199]' is a constant and will be removed. (OPT-1206)
Information: The register 'o_packet_encoder_flit_tx_reg[198]' is a constant and will be removed. (OPT-1206)
Information: The register 'o_packet_encoder_flit_tx_reg[197]' is a constant and will be removed. (OPT-1206)
Information: The register 'o_packet_encoder_flit_tx_reg[196]' is a constant and will be removed. (OPT-1206)
Information: The register 'o_packet_encoder_flit_tx_reg[195]' is a constant and will be removed. (OPT-1206)
Information: The register 'o_packet_encoder_flit_tx_reg[194]' is a constant and will be removed. (OPT-1206)
Information: The register 'o_packet_encoder_flit_tx_reg[193]' is a constant and will be removed. (OPT-1206)
Information: The register 'o_packet_encoder_flit_tx_reg[192]' is a constant and will be removed. (OPT-1206)
Information: The register 'o_packet_encoder_flit_tx_reg[191]' is a constant and will be removed. (OPT-1206)
Information: The register 'o_packet_encoder_flit_tx_reg[190]' is a constant and will be removed. (OPT-1206)
Information: The register 'o_packet_encoder_flit_tx_reg[189]' is a constant and will be removed. (OPT-1206)
Information: The register 'o_packet_encoder_flit_tx_reg[188]' is a constant and will be removed. (OPT-1206)
Information: The register 'o_packet_encoder_flit_tx_reg[187]' is a constant and will be removed. (OPT-1206)
Information: The register 'o_packet_encoder_flit_tx_reg[186]' is a constant and will be removed. (OPT-1206)
Information: The register 'o_packet_encoder_flit_tx_reg[185]' is a constant and will be removed. (OPT-1206)
Information: The register 'o_packet_encoder_flit_tx_reg[184]' is a constant and will be removed. (OPT-1206)
Information: The register 'o_packet_encoder_flit_tx_reg[183]' is a constant and will be removed. (OPT-1206)
Information: The register 'o_packet_encoder_flit_tx_reg[182]' is a constant and will be removed. (OPT-1206)
Information: The register 'o_packet_encoder_flit_tx_reg[181]' is a constant and will be removed. (OPT-1206)
Information: The register 'o_packet_encoder_flit_tx_reg[180]' is a constant and will be removed. (OPT-1206)
Information: The register 'o_packet_encoder_flit_tx_reg[179]' is a constant and will be removed. (OPT-1206)
Information: The register 'o_packet_encoder_flit_tx_reg[178]' is a constant and will be removed. (OPT-1206)
Information: The register 'o_packet_encoder_flit_tx_reg[177]' is a constant and will be removed. (OPT-1206)
Information: The register 'o_packet_encoder_flit_tx_reg[176]' is a constant and will be removed. (OPT-1206)
Information: The register 'o_packet_encoder_flit_tx_reg[175]' is a constant and will be removed. (OPT-1206)
Information: The register 'o_packet_encoder_flit_tx_reg[174]' is a constant and will be removed. (OPT-1206)
Information: The register 'o_packet_encoder_flit_tx_reg[173]' is a constant and will be removed. (OPT-1206)
Information: The register 'o_packet_encoder_flit_tx_reg[172]' is a constant and will be removed. (OPT-1206)
Information: The register 'o_packet_encoder_flit_tx_reg[171]' is a constant and will be removed. (OPT-1206)
Information: The register 'o_packet_encoder_flit_tx_reg[170]' is a constant and will be removed. (OPT-1206)
Information: The register 'o_packet_encoder_flit_tx_reg[169]' is a constant and will be removed. (OPT-1206)
Information: The register 'o_packet_encoder_flit_tx_reg[168]' is a constant and will be removed. (OPT-1206)
Information: The register 'o_packet_encoder_flit_tx_reg[167]' is a constant and will be removed. (OPT-1206)
Information: The register 'o_packet_encoder_flit_tx_reg[166]' is a constant and will be removed. (OPT-1206)
Information: The register 'o_packet_encoder_flit_tx_reg[165]' is a constant and will be removed. (OPT-1206)
Information: The register 'o_packet_encoder_flit_tx_reg[164]' is a constant and will be removed. (OPT-1206)
Information: The register 'o_packet_encoder_flit_tx_reg[163]' is a constant and will be removed. (OPT-1206)
Information: The register 'o_packet_encoder_flit_tx_reg[162]' is a constant and will be removed. (OPT-1206)
Information: The register 'o_packet_encoder_flit_tx_reg[161]' is a constant and will be removed. (OPT-1206)
Information: The register 'o_packet_encoder_flit_tx_reg[160]' is a constant and will be removed. (OPT-1206)
Information: The register 'o_packet_encoder_flit_tx_reg[159]' is a constant and will be removed. (OPT-1206)
Information: The register 'o_packet_encoder_flit_tx_reg[158]' is a constant and will be removed. (OPT-1206)
Information: The register 'o_packet_encoder_flit_tx_reg[157]' is a constant and will be removed. (OPT-1206)
Information: The register 'o_packet_encoder_flit_tx_reg[156]' is a constant and will be removed. (OPT-1206)
Information: The register 'o_packet_encoder_flit_tx_reg[155]' is a constant and will be removed. (OPT-1206)
Information: The register 'o_packet_encoder_flit_tx_reg[154]' is a constant and will be removed. (OPT-1206)
Information: The register 'o_packet_encoder_flit_tx_reg[153]' is a constant and will be removed. (OPT-1206)
Information: The register 'o_packet_encoder_flit_tx_reg[152]' is a constant and will be removed. (OPT-1206)
Information: The register 'o_packet_encoder_flit_tx_reg[151]' is a constant and will be removed. (OPT-1206)
Information: The register 'o_packet_encoder_flit_tx_reg[150]' is a constant and will be removed. (OPT-1206)
Information: The register 'o_packet_encoder_flit_tx_reg[149]' is a constant and will be removed. (OPT-1206)
Information: The register 'o_packet_encoder_flit_tx_reg[148]' is a constant and will be removed. (OPT-1206)
Information: The register 'o_packet_encoder_flit_tx_reg[147]' is a constant and will be removed. (OPT-1206)
Information: The register 'o_packet_encoder_flit_tx_reg[146]' is a constant and will be removed. (OPT-1206)
Information: The register 'o_packet_encoder_flit_tx_reg[145]' is a constant and will be removed. (OPT-1206)
Information: The register 'o_packet_encoder_flit_tx_reg[144]' is a constant and will be removed. (OPT-1206)
Information: The register 'o_packet_encoder_flit_tx_reg[143]' is a constant and will be removed. (OPT-1206)
Information: The register 'o_packet_encoder_flit_tx_reg[142]' is a constant and will be removed. (OPT-1206)
Information: The register 'o_packet_encoder_flit_tx_reg[141]' is a constant and will be removed. (OPT-1206)
Information: The register 'o_packet_encoder_flit_tx_reg[140]' is a constant and will be removed. (OPT-1206)
Information: The register 'o_packet_encoder_flit_tx_reg[139]' is a constant and will be removed. (OPT-1206)
Information: The register 'o_packet_encoder_flit_tx_reg[138]' is a constant and will be removed. (OPT-1206)
Information: The register 'o_packet_encoder_flit_tx_reg[137]' is a constant and will be removed. (OPT-1206)
Information: The register 'o_packet_encoder_flit_tx_reg[136]' is a constant and will be removed. (OPT-1206)
Information: The register 'o_packet_encoder_flit_tx_reg[135]' is a constant and will be removed. (OPT-1206)
Information: The register 'o_packet_encoder_flit_tx_reg[134]' is a constant and will be removed. (OPT-1206)
Information: The register 'o_packet_encoder_flit_tx_reg[133]' is a constant and will be removed. (OPT-1206)
Information: The register 'o_packet_encoder_flit_tx_reg[132]' is a constant and will be removed. (OPT-1206)
Information: The register 'o_packet_encoder_flit_tx_reg[131]' is a constant and will be removed. (OPT-1206)
Information: The register 'o_packet_encoder_flit_tx_reg[130]' is a constant and will be removed. (OPT-1206)
Information: The register 'o_packet_encoder_flit_tx_reg[129]' is a constant and will be removed. (OPT-1206)
Information: The register 'o_packet_encoder_flit_tx_reg[128]' is a constant and will be removed. (OPT-1206)
Information: The register 'o_packet_encoder_flit_tx_reg[127]' is a constant and will be removed. (OPT-1206)
Information: The register 'o_packet_encoder_flit_tx_reg[126]' is a constant and will be removed. (OPT-1206)
Information: The register 'o_packet_encoder_flit_tx_reg[125]' is a constant and will be removed. (OPT-1206)
Information: The register 'o_packet_encoder_flit_tx_reg[124]' is a constant and will be removed. (OPT-1206)
Information: The register 'o_packet_encoder_flit_tx_reg[123]' is a constant and will be removed. (OPT-1206)
Information: The register 'o_packet_encoder_flit_tx_reg[122]' is a constant and will be removed. (OPT-1206)
Information: The register 'o_packet_encoder_flit_tx_reg[121]' is a constant and will be removed. (OPT-1206)
Information: The register 'o_packet_encoder_flit_tx_reg[120]' is a constant and will be removed. (OPT-1206)
Information: The register 'o_packet_encoder_flit_tx_reg[119]' is a constant and will be removed. (OPT-1206)
Information: The register 'o_packet_encoder_flit_tx_reg[118]' is a constant and will be removed. (OPT-1206)
Information: The register 'o_packet_encoder_flit_tx_reg[117]' is a constant and will be removed. (OPT-1206)
Information: The register 'o_packet_encoder_flit_tx_reg[116]' is a constant and will be removed. (OPT-1206)
Information: The register 'o_packet_encoder_flit_tx_reg[115]' is a constant and will be removed. (OPT-1206)
Information: The register 'o_packet_encoder_flit_tx_reg[114]' is a constant and will be removed. (OPT-1206)
Information: The register 'o_packet_encoder_flit_tx_reg[113]' is a constant and will be removed. (OPT-1206)
Information: The register 'o_packet_encoder_flit_tx_reg[112]' is a constant and will be removed. (OPT-1206)
Information: The register 'o_packet_encoder_flit_tx_reg[111]' is a constant and will be removed. (OPT-1206)
Information: The register 'o_packet_encoder_flit_tx_reg[110]' is a constant and will be removed. (OPT-1206)
Information: The register 'o_packet_encoder_flit_tx_reg[109]' is a constant and will be removed. (OPT-1206)
Information: The register 'o_packet_encoder_flit_tx_reg[108]' is a constant and will be removed. (OPT-1206)
Information: The register 'o_packet_encoder_flit_tx_reg[107]' is a constant and will be removed. (OPT-1206)
Information: The register 'o_packet_encoder_flit_tx_reg[106]' is a constant and will be removed. (OPT-1206)
Information: The register 'o_packet_encoder_flit_tx_reg[105]' is a constant and will be removed. (OPT-1206)
Information: The register 'o_packet_encoder_flit_tx_reg[104]' is a constant and will be removed. (OPT-1206)
Information: The register 'o_packet_encoder_flit_tx_reg[103]' is a constant and will be removed. (OPT-1206)
Information: The register 'o_packet_encoder_flit_tx_reg[102]' is a constant and will be removed. (OPT-1206)
Information: The register 'o_packet_encoder_flit_tx_reg[101]' is a constant and will be removed. (OPT-1206)
Information: The register 'o_packet_encoder_flit_tx_reg[100]' is a constant and will be removed. (OPT-1206)
Information: The register 'o_packet_encoder_flit_tx_reg[99]' is a constant and will be removed. (OPT-1206)
Information: The register 'o_packet_encoder_flit_tx_reg[98]' is a constant and will be removed. (OPT-1206)
Information: The register 'o_packet_encoder_flit_tx_reg[97]' is a constant and will be removed. (OPT-1206)
Information: The register 'o_packet_encoder_flit_tx_reg[96]' is a constant and will be removed. (OPT-1206)
Information: The register 'o_packet_encoder_flit_tx_reg[95]' is a constant and will be removed. (OPT-1206)
Information: The register 'o_packet_encoder_flit_tx_reg[94]' is a constant and will be removed. (OPT-1206)
Information: The register 'o_packet_encoder_flit_tx_reg[93]' is a constant and will be removed. (OPT-1206)
Information: The register 'o_packet_encoder_flit_tx_reg[92]' is a constant and will be removed. (OPT-1206)
Information: The register 'o_packet_encoder_flit_tx_reg[91]' is a constant and will be removed. (OPT-1206)
Information: The register 'o_packet_encoder_flit_tx_reg[90]' is a constant and will be removed. (OPT-1206)
Information: The register 'o_packet_encoder_flit_tx_reg[89]' is a constant and will be removed. (OPT-1206)
Information: The register 'o_packet_encoder_flit_tx_reg[88]' is a constant and will be removed. (OPT-1206)
Information: The register 'o_packet_encoder_flit_tx_reg[87]' is a constant and will be removed. (OPT-1206)
Information: The register 'o_packet_encoder_flit_tx_reg[86]' is a constant and will be removed. (OPT-1206)
Information: The register 'o_packet_encoder_flit_tx_reg[85]' is a constant and will be removed. (OPT-1206)
Information: The register 'o_packet_encoder_flit_tx_reg[84]' is a constant and will be removed. (OPT-1206)
Information: The register 'o_packet_encoder_flit_tx_reg[83]' is a constant and will be removed. (OPT-1206)
Information: The register 'o_packet_encoder_flit_tx_reg[82]' is a constant and will be removed. (OPT-1206)
Information: The register 'o_packet_encoder_flit_tx_reg[81]' is a constant and will be removed. (OPT-1206)
Information: The register 'o_packet_encoder_flit_tx_reg[80]' is a constant and will be removed. (OPT-1206)
Information: The register 'o_packet_encoder_flit_tx_reg[79]' is a constant and will be removed. (OPT-1206)
Information: The register 'o_packet_encoder_flit_tx_reg[78]' is a constant and will be removed. (OPT-1206)
Information: The register 'o_packet_encoder_flit_tx_reg[77]' is a constant and will be removed. (OPT-1206)
Information: The register 'o_packet_encoder_flit_tx_reg[76]' is a constant and will be removed. (OPT-1206)
Information: The register 'o_packet_encoder_flit_tx_reg[75]' is a constant and will be removed. (OPT-1206)
Information: The register 'o_packet_encoder_flit_tx_reg[74]' is a constant and will be removed. (OPT-1206)
Information: The register 'o_packet_encoder_flit_tx_reg[73]' is a constant and will be removed. (OPT-1206)
Information: The register 'o_packet_encoder_flit_tx_reg[72]' is a constant and will be removed. (OPT-1206)
Information: The register 'o_packet_encoder_flit_tx_reg[71]' is a constant and will be removed. (OPT-1206)
Information: The register 'o_packet_encoder_flit_tx_reg[70]' is a constant and will be removed. (OPT-1206)
Information: The register 'o_packet_encoder_flit_tx_reg[69]' is a constant and will be removed. (OPT-1206)
Information: The register 'o_packet_encoder_flit_tx_reg[68]' is a constant and will be removed. (OPT-1206)
Information: The register 'o_packet_encoder_flit_tx_reg[67]' is a constant and will be removed. (OPT-1206)
Information: The register 'o_packet_encoder_flit_tx_reg[66]' is a constant and will be removed. (OPT-1206)
Information: The register 'o_packet_encoder_flit_tx_reg[65]' is a constant and will be removed. (OPT-1206)
Information: The register 'o_packet_encoder_flit_tx_reg[64]' is a constant and will be removed. (OPT-1206)
Information: The register 'o_packet_encoder_flit_tx_reg[63]' is a constant and will be removed. (OPT-1206)
Information: The register 'o_packet_encoder_flit_tx_reg[62]' is a constant and will be removed. (OPT-1206)
Information: The register 'o_packet_encoder_flit_tx_reg[61]' is a constant and will be removed. (OPT-1206)
Information: The register 'o_packet_encoder_flit_tx_reg[60]' is a constant and will be removed. (OPT-1206)
Information: The register 'o_packet_encoder_flit_tx_reg[59]' is a constant and will be removed. (OPT-1206)
Information: The register 'o_packet_encoder_flit_tx_reg[58]' is a constant and will be removed. (OPT-1206)
Information: The register 'o_packet_encoder_flit_tx_reg[57]' is a constant and will be removed. (OPT-1206)
Information: The register 'o_packet_encoder_flit_tx_reg[56]' is a constant and will be removed. (OPT-1206)
Information: The register 'o_packet_encoder_flit_tx_reg[55]' is a constant and will be removed. (OPT-1206)
Information: The register 'o_packet_encoder_flit_tx_reg[54]' is a constant and will be removed. (OPT-1206)
Information: The register 'o_packet_encoder_flit_tx_reg[53]' is a constant and will be removed. (OPT-1206)
Information: The register 'o_packet_encoder_flit_tx_reg[52]' is a constant and will be removed. (OPT-1206)
Information: The register 'o_packet_encoder_flit_tx_reg[51]' is a constant and will be removed. (OPT-1206)
Information: The register 'o_packet_encoder_flit_tx_reg[50]' is a constant and will be removed. (OPT-1206)
Information: The register 'o_packet_encoder_flit_tx_reg[49]' is a constant and will be removed. (OPT-1206)
Information: The register 'o_packet_encoder_flit_tx_reg[48]' is a constant and will be removed. (OPT-1206)
Information: The register 'o_packet_encoder_flit_tx_reg[47]' is a constant and will be removed. (OPT-1206)
Information: The register 'o_packet_encoder_flit_tx_reg[46]' is a constant and will be removed. (OPT-1206)
Information: The register 'o_packet_encoder_flit_tx_reg[45]' is a constant and will be removed. (OPT-1206)
Information: The register 'o_packet_encoder_flit_tx_reg[44]' is a constant and will be removed. (OPT-1206)
Information: The register 'o_packet_encoder_flit_tx_reg[43]' is a constant and will be removed. (OPT-1206)
Information: The register 'o_packet_encoder_flit_tx_reg[42]' is a constant and will be removed. (OPT-1206)
Information: The register 'o_packet_encoder_flit_tx_reg[41]' is a constant and will be removed. (OPT-1206)
Information: The register 'o_packet_encoder_flit_tx_reg[40]' is a constant and will be removed. (OPT-1206)
Information: The register 'o_packet_encoder_flit_tx_reg[39]' is a constant and will be removed. (OPT-1206)
Information: The register 'o_packet_encoder_flit_tx_reg[38]' is a constant and will be removed. (OPT-1206)
Information: The register 'o_packet_encoder_flit_tx_reg[37]' is a constant and will be removed. (OPT-1206)
Information: The register 'o_packet_encoder_flit_tx_reg[36]' is a constant and will be removed. (OPT-1206)
Information: The register 'o_packet_encoder_flit_tx_reg[35]' is a constant and will be removed. (OPT-1206)
Information: The register 'o_packet_encoder_flit_tx_reg[34]' is a constant and will be removed. (OPT-1206)
Information: The register 'o_packet_encoder_flit_tx_reg[33]' is a constant and will be removed. (OPT-1206)
Information: The register 'o_packet_encoder_flit_tx_reg[32]' is a constant and will be removed. (OPT-1206)
Information: The register 'o_packet_encoder_flit_tx_reg[31]' is a constant and will be removed. (OPT-1206)
Information: The register 'o_packet_encoder_flit_tx_reg[30]' is a constant and will be removed. (OPT-1206)
Information: The register 'o_packet_encoder_flit_tx_reg[29]' is a constant and will be removed. (OPT-1206)
Information: The register 'o_packet_encoder_flit_tx_reg[28]' is a constant and will be removed. (OPT-1206)
Information: The register 'o_packet_encoder_flit_tx_reg[27]' is a constant and will be removed. (OPT-1206)
Information: The register 'o_packet_encoder_flit_tx_reg[26]' is a constant and will be removed. (OPT-1206)
Information: The register 'o_packet_encoder_flit_tx_reg[25]' is a constant and will be removed. (OPT-1206)
Information: The register 'o_packet_encoder_flit_tx_reg[24]' is a constant and will be removed. (OPT-1206)
Information: The register 'o_packet_encoder_flit_tx_reg[23]' is a constant and will be removed. (OPT-1206)
Information: The register 'o_packet_encoder_flit_tx_reg[22]' is a constant and will be removed. (OPT-1206)
Information: The register 'o_packet_encoder_flit_tx_reg[21]' is a constant and will be removed. (OPT-1206)
Information: The register 'o_packet_encoder_flit_tx_reg[20]' is a constant and will be removed. (OPT-1206)
Information: The register 'o_packet_encoder_flit_tx_reg[19]' is a constant and will be removed. (OPT-1206)
Information: The register 'o_packet_encoder_flit_tx_reg[18]' is a constant and will be removed. (OPT-1206)
Information: The register 'o_packet_encoder_flit_tx_reg[17]' is a constant and will be removed. (OPT-1206)
Information: The register 'o_packet_encoder_flit_tx_reg[16]' is a constant and will be removed. (OPT-1206)
Information: The register 'o_packet_encoder_flit_tx_reg[12]' is a constant and will be removed. (OPT-1206)
Information: The register 'o_packet_encoder_flit_tx_reg[11]' is a constant and will be removed. (OPT-1206)
Information: The register 'o_packet_encoder_flit_tx_reg[10]' is a constant and will be removed. (OPT-1206)
Information: The register 'o_packet_encoder_flit_tx_reg[9]' is a constant and will be removed. (OPT-1206)
Information: The register 'o_packet_encoder_flit_tx_reg[8]' is a constant and will be removed. (OPT-1206)
Information: The register 'o_packet_encoder_flit_tx_reg[7]' is a constant and will be removed. (OPT-1206)
Information: The register 'o_packet_encoder_flit_tx_reg[6]' is a constant and will be removed. (OPT-1206)
Information: The register 'o_packet_encoder_flit_tx_reg[5]' is a constant and will be removed. (OPT-1206)
Information: The register 'o_packet_encoder_flit_tx_reg[4]' is a constant and will be removed. (OPT-1206)
Information: The register 'o_packet_encoder_flit_tx_reg[3]' is a constant and will be removed. (OPT-1206)
Information: The register 'o_packet_encoder_flit_tx_reg[2]' is a constant and will be removed. (OPT-1206)
Information: The register 'o_packet_encoder_flit_cntrl_reg[13]' is a constant and will be removed. (OPT-1206)
Information: The register 'o_packet_encoder_flit_cntrl_reg[12]' is a constant and will be removed. (OPT-1206)
Information: The register 'o_packet_encoder_flit_cntrl_reg[11]' is a constant and will be removed. (OPT-1206)
Information: The register 'o_packet_encoder_flit_cntrl_reg[10]' is a constant and will be removed. (OPT-1206)
Information: The register 'o_packet_encoder_flit_cntrl_reg[9]' is a constant and will be removed. (OPT-1206)
Information: The register 'o_packet_encoder_flit_cntrl_reg[8]' is a constant and will be removed. (OPT-1206)
Information: The register 'o_packet_encoder_flit_cntrl_reg[7]' is a constant and will be removed. (OPT-1206)
Information: The register 'o_packet_encoder_flit_cntrl_reg[6]' is a constant and will be removed. (OPT-1206)
Information: The register 'o_packet_encoder_flit_cntrl_reg[5]' is a constant and will be removed. (OPT-1206)
Information: The register 'o_packet_encoder_flit_cntrl_reg[3]' is a constant and will be removed. (OPT-1206)
Information: The register 'o_packet_encoder_flit_cntrl_reg[2]' is a constant and will be removed. (OPT-1206)
Information: The register 'o_packet_encoder_flit_cntrl_reg[1]' is a constant and will be removed. (OPT-1206)
  Processing 'packet_formatter_CXS_DATA_WIDTH256_CXS_CNTL_WIDTH14_WORD_WIDTH32_FLIT_WIDTH270'
  Processing 'credit_manager_DEPTH16'
  Processing 'flit_fifo_DEPTH16_DATA_WIDTH270'
  Processing 'rx_interface_CXS_DATA_WIDTH256_CXS_CNTL_WIDTH14_FLIT_WIDTH270'
  Processing 'cxs_if_CXS_DATA_WIDTH256_CXS_CNTL_WIDTH14_FLIT_WIDTH270_FLIT_FIFO_DEPTH16_WORD_WIDTH32'
  Processing 'top'

  Updating timing information
Information: Updating design information... (UID-85)

  Beginning Implementation Selection
  ----------------------------------
  Processing 'encryption_unit_DATA_WIDTH16_DW01_cmp6_0'
  Processing 'encryption_unit_DATA_WIDTH16_DW01_sub_0'
  Processing 'atu_ADDR_WIDTH8_DW01_add_0'
  Processing 'control_unit_ADDR_WIDTH8_DATA_WIDTH16_DW01_inc_0'
  Processing 'control_unit_ADDR_WIDTH8_DATA_WIDTH16_DW01_inc_1'
  Processing 'control_unit_ADDR_WIDTH8_DATA_WIDTH16_DW01_cmp2_0'
  Processing 'tx_interface_CXS_DATA_WIDTH256_CXS_CNTL_WIDTH14_FLIT_WIDTH270_MAX_CREDITS16_DW01_dec_0'
  Processing 'tx_interface_CXS_DATA_WIDTH256_CXS_CNTL_WIDTH14_FLIT_WIDTH270_MAX_CREDITS16_DW01_inc_0'
  Processing 'credit_manager_DEPTH16_DW01_dec_0'
  Processing 'credit_manager_DEPTH16_DW01_inc_0'
  Processing 'flit_fifo_DEPTH16_DATA_WIDTH270_DW01_inc_0'
  Processing 'flit_fifo_DEPTH16_DATA_WIDTH270_DW01_cmp6_0'
  Processing 'flit_fifo_DEPTH16_DATA_WIDTH270_DW01_inc_1'
  Building model 'DW01_NAND2'
  Processing 'DW01_NAND2'
  Building model 'DW01_add_width5' (rpl)
  Processing 'DW01_add_width5'
  Building model 'DW01_add_width5' (cla)
  Processing 'DW01_add_width5'
  Building model 'DW01_add_width4' (rpl)
  Processing 'DW01_add_width4'
  Building model 'DW01_add_width4' (cla)
  Processing 'DW01_add_width4'
  Building model 'DW01_add_width3' (rpl)
  Processing 'DW01_add_width3'
  Building model 'DW01_add_width3' (cla)
  Processing 'DW01_add_width3'
  Building model 'DW01_add_width2' (rpl)
  Processing 'DW01_add_width2'
  Building model 'DW01_add_width2' (cla)
  Processing 'DW01_add_width2'
  Processing 'encryption_unit_DATA_WIDTH16_DW01_add_0'
  Processing 'encryption_unit_DATA_WIDTH16_DW01_add_1'
  Processing 'encryption_unit_DATA_WIDTH16_DW01_add_2'
  Processing 'DW01_add_width2'
  Processing 'DW01_add_width3'
  Processing 'DW01_add_width4'
  Processing 'encryption_unit_DATA_WIDTH16_DW01_add_3'
  Processing 'encryption_unit_DATA_WIDTH16_DW01_add_4'
  Processing 'encryption_unit_DATA_WIDTH16_DW01_add_5'

  Beginning Mapping Optimizations  (Medium effort)
  -------------------------------

                                  TOTAL                                      
   ELAPSED            WORST NEG   SETUP    DESIGN                            
    TIME      AREA      SLACK     COST    RULE COST         ENDPOINT         
  --------- --------- --------- --------- --------- -------------------------
    0:00:48  690618.5      0.00       0.0   17562.9                          
    0:00:48  690618.5      0.00       0.0   17562.9                          
    0:00:57  722807.2      0.00       0.0       0.0                          
    0:00:57  722807.2      0.00       0.0       0.0                          
    0:00:57  722807.2      0.00       0.0       0.0                          
    0:00:57  722807.2      0.00       0.0       0.0                          
    0:00:58  722807.2      0.00       0.0       0.0                          
    0:01:00  673748.6      0.00       0.0       0.0                          
    0:01:01  673748.6      0.00       0.0       0.0                          
    0:01:01  673748.6      0.00       0.0       0.0                          
    0:01:01  673748.6      0.00       0.0       0.0                          
    0:01:01  673748.6      0.00       0.0       0.0                          
    0:01:01  673748.6      0.00       0.0       0.0                          
    0:01:01  673748.6      0.00       0.0       0.0                          
    0:01:01  673748.6      0.00       0.0       0.0                          



  Beginning Delay Optimization Phase
  ----------------------------------

                                  TOTAL                                      
   ELAPSED            WORST NEG   SETUP    DESIGN                            
    TIME      AREA      SLACK     COST    RULE COST         ENDPOINT         
  --------- --------- --------- --------- --------- -------------------------
    0:01:01  673748.6      0.00       0.0       0.0                          
    0:01:01  673748.6      0.00       0.0       0.0                          
    0:01:02  673704.3      0.00       0.0       0.0                          


  Beginning Area-Recovery Phase  (cleanup)
  -----------------------------

                                  TOTAL                                      
   ELAPSED            WORST NEG   SETUP    DESIGN                            
    TIME      AREA      SLACK     COST    RULE COST         ENDPOINT         
  --------- --------- --------- --------- --------- -------------------------
    0:01:02  673704.3      0.00       0.0       0.0                          
    0:01:02  673704.3      0.00       0.0       0.0                          
    0:01:08  670630.8      0.00       0.0       0.0                          
    0:01:10  670442.8      0.00       0.0       0.0                          
    0:01:11  670376.4      0.00       0.0       0.0                          
    0:01:11  670315.6      0.00       0.0       0.0                          
    0:01:11  670254.8      0.00       0.0       0.0                          
    0:01:11  670254.8      0.00       0.0       0.0                          
    0:01:11  670254.8      0.00       0.0       0.0                          
    0:01:11  670253.9      0.00       0.0       0.0                          
    0:01:11  670253.9      0.00       0.0       0.0                          
    0:01:11  670253.9      0.00       0.0       0.0                          
    0:01:11  670253.9      0.00       0.0       0.0                          
    0:01:11  670253.9      0.00       0.0       0.0                          
    0:01:11  670253.9      0.00       0.0       0.0                          
    0:01:12  670253.9      0.00       0.0       0.0                          
Loading db file '/home/ICer/saed90nm/synopsys/models/saed90nm_typ.db'


Note: Symbol # after min delay cost means estimated hold TNS across all active scenarios 


  Optimization Complete
  ---------------------
Warning: Design 'top' contains 2 high-fanout nets. A fanout number of 1000 will be used for delay calculations involving these nets. (TIM-134)
     Net 'u_system_wrapper/u_cdm/i_cdm_clk': 8525 load(s), 1 driver(s)
     Net 'u_async_fifo/u_sync_rptr/i_synchronizer_clk': 5711 load(s), 1 driver(s)
1
#---------------------------------------------------------------
# 5. Reports
#---------------------------------------------------------------
report_timing  > reports/timing.rpt
report_area    > reports/area.rpt
report_power   > reports/power.rpt
#---------------------------------------------------------------
# 6. Write outputs
#---------------------------------------------------------------
write -format verilog -hierarchy -output output/top_netlist.v
Writing verilog file '/mnt/hgfs/Shared_folder/synth/output/top_netlist.v'.
Warning: Verilog 'assign' or 'tran' statements are written out. (VO-4)
Warning: Verilog writer has added 263 nets to module cxs_if_CXS_DATA_WIDTH256_CXS_CNTL_WIDTH14_FLIT_WIDTH270_FLIT_FIFO_DEPTH16_WORD_WIDTH32 using SYNOPSYS_UNCONNECTED_ as prefix.  Please use the change_names command to make the correct changes before invoking the verilog writer.  (VO-11)
1
write_sdc output/top.sdc
1
puts "===== Synthesis complete ====="
===== Synthesis complete =====
dc_shell> 